==> BLS_InfoBatch: ratio=0.3, delta=0.875
==> BLS: alpha=0.7
h type: <class 'BLS.InfoBatch'>
h is InfoBatch? True
h[0]: [<class 'int'>, <class 'tuple'>] 0
mro of type(h): ['InfoBatch', 'Dataset', 'Generic', 'object']

|--| #sampled: 50 #saved: 0.00%
|--| #sampled: 50 #saved: 0.00%
==================== final ====================
===> saved_ratio:  0.0
===> pruned_count:  0
==================== final ====================
sampled indices: [36, 47, 28, 9, 13, 0, 44, 46]
len samples: 8
sample[0] type: <class 'tuple'> len: 2
sample[0][0]: <class 'int'> None
sample[0][1]: <class 'tuple'>
iter dataset type: <class 'BLS.InfoBatch'>
is InfoBatch: True
_next_data result structure:
|--| #sampled: 50 #saved: 0.00%
  next_data type: <class 'list'> len: 2
