GPU available, ~16.0 GiB free, using cuda
device: cuda
normalization computed from TRAIN: {'bands': [0, 1, 2, 'ndvi'], 'stat_split': 'train', 'mean': [124.22147617340086, 129.00288824081423, 121.40703894615177, 17.986942882537853], 'std': [68.03518355478649, 61.86486282794694, 63.6574967492155, 33.23498425598315]}
model params: 14.39M
class weights (train-only): {'building': np.float64(1.208), 'greenhouse': np.float64(1.208), 'swimming_pool': np.float64(1.208), 'impervious': np.float64(0.854), 'pervious': np.float64(0.885), 'bare_soil': np.float64(0.456), 'water': np.float64(1.208), 'snow': np.float64(0.614), 'herbaceous': np.float64(0.757), 'agricultural': np.float64(1.124), 'plowed': np.float64(1.208), 'vineyard': np.float64(1.208), 'deciduous': np.float64(0.648), 'coniferous': np.float64(1.208), 'brushwood': np.float64(1.208)}
  [ep 1/3] it 0/50 loss 2.9001 (1.23s/it)
  [ep 1/3] it 20/50 loss 2.5659 (0.25s/it)
  [ep 1/3] it 40/50 loss 2.4235 (0.22s/it)
EPOCH 1: loss=2.5436 val_mIoU=11.27 val_OA=46.14 time=13.4s
  ** saved best val mIoU 11.27
  [ep 2/3] it 0/50 loss 2.3061 (0.47s/it)
  [ep 2/3] it 20/50 loss 2.0673 (0.15s/it)
  [ep 2/3] it 40/50 loss 2.2044 (0.14s/it)
EPOCH 2: loss=2.2919 val_mIoU=17.75 val_OA=58.80 time=9.0s
  ** saved best val mIoU 17.75
  [ep 3/3] it 0/50 loss 2.1656 (0.51s/it)
  [ep 3/3] it 20/50 loss 2.2636 (0.22s/it)
  [ep 3/3] it 40/50 loss 2.2020 (0.21s/it)
EPOCH 3: loss=2.1750 val_mIoU=20.04 val_OA=64.30 time=11.7s
  ** saved best val mIoU 20.04
DONE. best val mIoU 20.04
