GPU available, ~16.0 GiB free, using cuda
device: cuda
normalization computed from TRAIN: {'bands': [3, 0, 1], 'stat_split': 'train', 'mean': [104.34519423484804, 124.22147617340086, 129.00288824081423], 'std': [47.66659503155293, 68.03518355478649, 61.86486282794694]}
model params: 14.39M
class weights (train-only): {'building': np.float64(1.208), 'greenhouse': np.float64(1.208), 'swimming_pool': np.float64(1.208), 'impervious': np.float64(0.854), 'pervious': np.float64(0.885), 'bare_soil': np.float64(0.456), 'water': np.float64(1.208), 'snow': np.float64(0.614), 'herbaceous': np.float64(0.757), 'agricultural': np.float64(1.124), 'plowed': np.float64(1.208), 'vineyard': np.float64(1.208), 'deciduous': np.float64(0.648), 'coniferous': np.float64(1.208), 'brushwood': np.float64(1.208)}
  [ep 1/60] it 0/33 loss 2.7124 (1.28s/it)
  [ep 1/60] it 20/33 loss 2.2609 (0.16s/it)
EPOCH 1: loss=2.5104 val_mIoU=17.09 val_OA=62.50 time=5.6s
  ** saved best val mIoU 17.09
  [ep 2/60] it 0/33 loss 2.3148 (0.63s/it)
  [ep 2/60] it 20/33 loss 2.2607 (0.14s/it)
EPOCH 2: loss=2.2268 val_mIoU=19.32 val_OA=66.32 time=5.7s
  ** saved best val mIoU 19.32
  [ep 3/60] it 0/33 loss 2.0764 (0.53s/it)
  [ep 3/60] it 20/33 loss 2.1663 (0.12s/it)
EPOCH 3: loss=2.0818 val_mIoU=24.22 val_OA=67.09 time=6.4s
  ** saved best val mIoU 24.22
  [ep 4/60] it 0/33 loss 1.9719 (0.48s/it)
  [ep 4/60] it 20/33 loss 2.1265 (0.12s/it)
EPOCH 4: loss=1.9928 val_mIoU=26.63 val_OA=69.00 time=5.1s
  ** saved best val mIoU 26.63
  [ep 5/60] it 0/33 loss 2.0743 (0.57s/it)
  [ep 5/60] it 20/33 loss 2.1096 (0.13s/it)
EPOCH 5: loss=1.9485 val_mIoU=27.41 val_OA=69.56 time=5.2s
  ** saved best val mIoU 27.41
  [ep 6/60] it 0/33 loss 1.8911 (0.59s/it)
  [ep 6/60] it 20/33 loss 1.7701 (0.13s/it)
EPOCH 6: loss=1.8869 val_mIoU=32.97 val_OA=74.83 time=5.2s
  ** saved best val mIoU 32.97
  [ep 7/60] it 0/33 loss 2.0244 (0.56s/it)
  [ep 7/60] it 20/33 loss 2.0238 (0.13s/it)
EPOCH 7: loss=1.8834 val_mIoU=34.79 val_OA=75.11 time=5.2s
  ** saved best val mIoU 34.79
  [ep 8/60] it 0/33 loss 2.1419 (0.57s/it)
  [ep 8/60] it 20/33 loss 1.7350 (0.13s/it)
EPOCH 8: loss=1.7552 val_mIoU=32.07 val_OA=72.75 time=5.2s
  [ep 9/60] it 0/33 loss 1.6574 (0.57s/it)
  [ep 9/60] it 20/33 loss 1.8834 (0.13s/it)
EPOCH 9: loss=1.7571 val_mIoU=34.40 val_OA=74.22 time=6.5s
  [ep 10/60] it 0/33 loss 1.6549 (0.49s/it)
  [ep 10/60] it 20/33 loss 1.8321 (0.12s/it)
EPOCH 10: loss=1.6715 val_mIoU=34.75 val_OA=74.72 time=5.1s
  [ep 11/60] it 0/33 loss 1.7026 (0.68s/it)
  [ep 11/60] it 20/33 loss 1.6818 (0.13s/it)
EPOCH 11: loss=1.6953 val_mIoU=37.54 val_OA=78.34 time=5.3s
  ** saved best val mIoU 37.54
  [ep 12/60] it 0/33 loss 1.9085 (0.52s/it)
  [ep 12/60] it 20/33 loss 1.6042 (0.12s/it)
EPOCH 12: loss=1.6316 val_mIoU=34.34 val_OA=73.75 time=4.8s
  [ep 13/60] it 0/33 loss 1.7837 (0.45s/it)
  [ep 13/60] it 20/33 loss 1.4222 (0.12s/it)
EPOCH 13: loss=1.6237 val_mIoU=38.61 val_OA=77.83 time=5.3s
  ** saved best val mIoU 38.61
  [ep 14/60] it 0/33 loss 1.6445 (0.67s/it)
  [ep 14/60] it 20/33 loss 1.4782 (0.15s/it)
EPOCH 14: loss=1.6321 val_mIoU=36.97 val_OA=75.95 time=5.9s
  [ep 15/60] it 0/33 loss 1.3029 (0.60s/it)
  [ep 15/60] it 20/33 loss 1.7358 (0.15s/it)
EPOCH 15: loss=1.5954 val_mIoU=38.84 val_OA=77.86 time=7.5s
  ** saved best val mIoU 38.84
  [ep 16/60] it 0/33 loss 1.4993 (0.68s/it)
  [ep 16/60] it 20/33 loss 1.9694 (0.15s/it)
EPOCH 16: loss=1.6080 val_mIoU=36.58 val_OA=74.83 time=6.0s
  [ep 17/60] it 0/33 loss 1.5612 (0.64s/it)
  [ep 17/60] it 20/33 loss 1.4721 (0.15s/it)
EPOCH 17: loss=1.5040 val_mIoU=36.83 val_OA=75.44 time=6.0s
  [ep 18/60] it 0/33 loss 1.5724 (0.60s/it)
  [ep 18/60] it 20/33 loss 1.3421 (0.15s/it)
EPOCH 18: loss=1.5572 val_mIoU=37.85 val_OA=77.19 time=6.0s
  [ep 19/60] it 0/33 loss 1.4478 (0.72s/it)
  [ep 19/60] it 20/33 loss 1.5766 (0.15s/it)
