GPU available, ~16.0 GiB free, using cuda
device: cuda
normalization computed from TRAIN: {'bands': [0, 1, 2, 3], 'stat_split': 'train', 'mean': [124.22147617340086, 129.00288824081423, 121.40703894615177, 104.34519423484804], 'std': [68.03518355478649, 61.86486282794694, 63.6574967492155, 47.66659503155293]}
model params: 16.91M
class weights (train-only): {'building': np.float64(1.208), 'greenhouse': np.float64(1.208), 'swimming_pool': np.float64(1.208), 'impervious': np.float64(0.854), 'pervious': np.float64(0.885), 'bare_soil': np.float64(0.456), 'water': np.float64(1.208), 'snow': np.float64(0.614), 'herbaceous': np.float64(0.757), 'agricultural': np.float64(1.124), 'plowed': np.float64(1.208), 'vineyard': np.float64(1.208), 'deciduous': np.float64(0.648), 'coniferous': np.float64(1.208), 'brushwood': np.float64(1.208)}
  [ep 1/100] it 0/33 loss 2.7999 (1.42s/it)
  [ep 1/100] it 20/33 loss 2.5445 (0.34s/it)
EPOCH 1: loss=2.5609 val_mIoU=11.28 val_OA=39.91 time=13.5s
  ** saved best val mIoU 11.28
  [ep 2/100] it 0/33 loss 2.2329 (0.72s/it)
  [ep 2/100] it 20/33 loss 1.9923 (0.31s/it)
EPOCH 2: loss=2.1748 val_mIoU=20.78 val_OA=60.28 time=11.5s
  ** saved best val mIoU 20.78
  [ep 3/100] it 0/33 loss 2.2904 (0.72s/it)
  [ep 3/100] it 20/33 loss 1.9222 (0.31s/it)
EPOCH 3: loss=1.9895 val_mIoU=21.55 val_OA=63.37 time=11.5s
  ** saved best val mIoU 21.55
  [ep 4/100] it 0/33 loss 1.9067 (0.71s/it)
  [ep 4/100] it 20/33 loss 1.8499 (0.37s/it)
EPOCH 4: loss=1.9079 val_mIoU=27.31 val_OA=66.64 time=11.2s
  ** saved best val mIoU 27.31
  [ep 5/100] it 0/33 loss 2.0221 (0.59s/it)
  [ep 5/100] it 20/33 loss 1.9989 (0.16s/it)
EPOCH 5: loss=1.8193 val_mIoU=26.59 val_OA=64.53 time=6.2s
  [ep 6/100] it 0/33 loss 1.8306 (0.54s/it)
  [ep 6/100] it 20/33 loss 1.6877 (0.16s/it)
EPOCH 6: loss=1.7814 val_mIoU=29.65 val_OA=67.31 time=6.1s
  ** saved best val mIoU 29.65
  [ep 7/100] it 0/33 loss 1.9330 (0.55s/it)
  [ep 7/100] it 20/33 loss 1.5495 (0.16s/it)
EPOCH 7: loss=1.7302 val_mIoU=30.46 val_OA=68.41 time=6.1s
  ** saved best val mIoU 30.46
  [ep 8/100] it 0/33 loss 1.9758 (0.58s/it)
  [ep 8/100] it 20/33 loss 1.5245 (0.16s/it)
EPOCH 8: loss=1.6568 val_mIoU=30.60 val_OA=67.75 time=6.2s
  ** saved best val mIoU 30.60
  [ep 9/100] it 0/33 loss 1.7424 (0.57s/it)
  [ep 9/100] it 20/33 loss 1.6331 (0.22s/it)
EPOCH 9: loss=1.6596 val_mIoU=33.60 val_OA=71.82 time=7.4s
  ** saved best val mIoU 33.60
  [ep 10/100] it 0/33 loss 1.4611 (0.57s/it)
  [ep 10/100] it 20/33 loss 1.7987 (0.16s/it)
EPOCH 10: loss=1.6105 val_mIoU=31.71 val_OA=68.48 time=6.2s
  [ep 11/100] it 0/33 loss 1.6965 (0.55s/it)
  [ep 11/100] it 20/33 loss 1.6204 (0.16s/it)
EPOCH 11: loss=1.5284 val_mIoU=33.04 val_OA=70.89 time=6.1s
  [ep 12/100] it 0/33 loss 1.5143 (0.52s/it)
  [ep 12/100] it 20/33 loss 1.1922 (0.16s/it)
EPOCH 12: loss=1.5627 val_mIoU=33.85 val_OA=70.95 time=6.1s
  ** saved best val mIoU 33.85
  [ep 13/100] it 0/33 loss 1.2550 (0.58s/it)
  [ep 13/100] it 20/33 loss 1.6541 (0.16s/it)
EPOCH 13: loss=1.5163 val_mIoU=35.17 val_OA=74.03 time=6.1s
  ** saved best val mIoU 35.17
  [ep 14/100] it 0/33 loss 1.5576 (0.58s/it)
  [ep 14/100] it 20/33 loss 1.6195 (0.16s/it)
EPOCH 14: loss=1.5057 val_mIoU=33.68 val_OA=71.24 time=7.4s
  [ep 15/100] it 0/33 loss 1.5268 (0.54s/it)
  [ep 15/100] it 20/33 loss 1.3490 (0.16s/it)
EPOCH 15: loss=1.5154 val_mIoU=34.43 val_OA=72.02 time=6.1s
  [ep 16/100] it 0/33 loss 1.5754 (0.55s/it)
  [ep 16/100] it 20/33 loss 2.1639 (0.16s/it)
EPOCH 16: loss=1.4814 val_mIoU=35.72 val_OA=72.11 time=6.0s
  ** saved best val mIoU 35.72
  [ep 17/100] it 0/33 loss 1.4630 (0.54s/it)
  [ep 17/100] it 20/33 loss 1.6647 (0.16s/it)
EPOCH 17: loss=1.3783 val_mIoU=35.09 val_OA=71.14 time=6.1s
  [ep 18/100] it 0/33 loss 1.5023 (0.54s/it)
  [ep 18/100] it 20/33 loss 1.2832 (0.16s/it)
EPOCH 18: loss=1.4454 val_mIoU=36.51 val_OA=74.41 time=6.1s
  ** saved best val mIoU 36.51
  [ep 19/100] it 0/33 loss 1.2900 (0.61s/it)
  [ep 19/100] it 20/33 loss 1.5669 (0.16s/it)
EPOCH 19: loss=1.4727 val_mIoU=36.35 val_OA=72.04 time=7.5s
  [ep 20/100] it 0/33 loss 1.5989 (0.55s/it)
  [ep 20/100] it 20/33 loss 1.2381 (0.16s/it)
EPOCH 20: loss=1.3690 val_mIoU=35.49 val_OA=72.90 time=6.2s
  [ep 21/100] it 0/33 loss 1.5218 (0.53s/it)
  [ep 21/100] it 20/33 loss 1.9946 (0.15s/it)
EPOCH 21: loss=1.4136 val_mIoU=37.25 val_OA=74.73 time=5.9s
  ** saved best val mIoU 37.25
  [ep 22/100] it 0/33 loss 1.1853 (0.56s/it)
  [ep 22/100] it 20/33 loss 1.2989 (0.16s/it)
EPOCH 22: loss=1.3788 val_mIoU=34.76 val_OA=71.60 time=6.1s
  [ep 23/100] it 0/33 loss 1.4134 (0.55s/it)
  [ep 23/100] it 20/33 loss 1.7104 (0.16s/it)
EPOCH 23: loss=1.3301 val_mIoU=35.41 val_OA=73.62 time=6.2s
  [ep 24/100] it 0/33 loss 1.0277 (0.56s/it)
  [ep 24/100] it 20/33 loss 1.6810 (0.16s/it)
EPOCH 24: loss=1.3258 val_mIoU=36.33 val_OA=72.62 time=7.5s
  [ep 25/100] it 0/33 loss 1.3759 (0.56s/it)
  [ep 25/100] it 20/33 loss 1.1875 (0.16s/it)
EPOCH 25: loss=1.3108 val_mIoU=36.63 val_OA=74.13 time=6.1s
  [ep 26/100] it 0/33 loss 1.0280 (0.58s/it)
  [ep 26/100] it 20/33 loss 1.3312 (0.16s/it)
EPOCH 26: loss=1.3595 val_mIoU=36.96 val_OA=74.61 time=6.0s
  [ep 27/100] it 0/33 loss 1.2068 (0.51s/it)
  [ep 27/100] it 20/33 loss 1.1916 (0.16s/it)
EPOCH 27: loss=1.3240 val_mIoU=36.86 val_OA=75.67 time=6.1s
  [ep 28/100] it 0/33 loss 1.3596 (0.54s/it)
  [ep 28/100] it 20/33 loss 1.2814 (0.16s/it)
EPOCH 28: loss=1.2940 val_mIoU=35.61 val_OA=70.45 time=6.1s
  [ep 29/100] it 0/33 loss 0.9145 (0.53s/it)
  [ep 29/100] it 20/33 loss 1.0857 (0.16s/it)
EPOCH 29: loss=1.3460 val_mIoU=37.29 val_OA=75.24 time=6.1s
  ** saved best val mIoU 37.29
  [ep 30/100] it 0/33 loss 1.5473 (0.58s/it)
  [ep 30/100] it 20/33 loss 1.3522 (0.22s/it)
EPOCH 30: loss=1.2614 val_mIoU=35.90 val_OA=69.48 time=7.4s
  [ep 31/100] it 0/33 loss 1.2110 (0.57s/it)
  [ep 31/100] it 20/33 loss 1.2501 (0.16s/it)
EPOCH 31: loss=1.2744 val_mIoU=34.70 val_OA=74.66 time=6.0s
  [ep 32/100] it 0/33 loss 1.0526 (0.50s/it)
  [ep 32/100] it 20/33 loss 1.1850 (0.15s/it)
EPOCH 32: loss=1.2114 val_mIoU=36.44 val_OA=72.30 time=5.9s
  [ep 33/100] it 0/33 loss 1.2464 (0.55s/it)
  [ep 33/100] it 20/33 loss 1.0454 (0.16s/it)
EPOCH 33: loss=1.2353 val_mIoU=37.16 val_OA=76.86 time=6.0s
  [ep 34/100] it 0/33 loss 1.0313 (0.58s/it)
  [ep 34/100] it 20/33 loss 1.2870 (0.16s/it)
EPOCH 34: loss=1.2246 val_mIoU=34.38 val_OA=70.97 time=6.2s
  [ep 35/100] it 0/33 loss 1.2847 (0.54s/it)
  [ep 35/100] it 20/33 loss 1.0624 (0.16s/it)
EPOCH 35: loss=1.1472 val_mIoU=36.82 val_OA=75.70 time=8.0s
  [ep 36/100] it 0/33 loss 1.0690 (0.57s/it)
  [ep 36/100] it 20/33 loss 1.0549 (0.16s/it)
EPOCH 36: loss=1.1706 val_mIoU=34.77 val_OA=71.70 time=6.2s
  [ep 37/100] it 0/33 loss 1.1148 (0.54s/it)
  [ep 37/100] it 20/33 loss 0.8850 (0.16s/it)
EPOCH 37: loss=1.1804 val_mIoU=36.06 val_OA=74.42 time=6.0s
  [ep 38/100] it 0/33 loss 1.3001 (0.57s/it)
  [ep 38/100] it 20/33 loss 1.6258 (0.16s/it)
EPOCH 38: loss=1.2210 val_mIoU=37.29 val_OA=75.60 time=6.2s
  [ep 39/100] it 0/33 loss 1.3404 (0.54s/it)
  [ep 39/100] it 20/33 loss 1.2825 (0.16s/it)
EPOCH 39: loss=1.2637 val_mIoU=34.30 val_OA=72.80 time=6.0s
  [ep 40/100] it 0/33 loss 1.2835 (0.56s/it)
  [ep 40/100] it 20/33 loss 0.8831 (0.16s/it)
EPOCH 40: loss=1.1755 val_mIoU=35.97 val_OA=75.10 time=7.6s
  [ep 41/100] it 0/33 loss 1.1293 (0.55s/it)
  [ep 41/100] it 20/33 loss 1.3526 (0.30s/it)
EPOCH 41: loss=1.1523 val_mIoU=35.89 val_OA=74.78 time=11.2s
  [ep 42/100] it 0/33 loss 1.0439 (0.77s/it)
  [ep 42/100] it 20/33 loss 0.9622 (0.33s/it)
EPOCH 42: loss=1.1015 val_mIoU=37.67 val_OA=75.40 time=11.8s
  ** saved best val mIoU 37.67
  [ep 43/100] it 0/33 loss 1.1012 (0.75s/it)
  [ep 43/100] it 20/33 loss 0.9518 (0.31s/it)
EPOCH 43: loss=1.1528 val_mIoU=37.58 val_OA=76.56 time=12.8s
  [ep 44/100] it 0/33 loss 1.0153 (0.79s/it)
  [ep 44/100] it 20/33 loss 1.1333 (0.32s/it)
EPOCH 44: loss=1.1807 val_mIoU=34.14 val_OA=72.04 time=11.6s
  [ep 45/100] it 0/33 loss 0.7242 (0.73s/it)
  [ep 45/100] it 20/33 loss 0.9792 (0.32s/it)
EPOCH 45: loss=1.1157 val_mIoU=32.68 val_OA=69.04 time=11.8s
  [ep 46/100] it 0/33 loss 1.1219 (0.75s/it)
  [ep 46/100] it 20/33 loss 1.2211 (0.37s/it)
EPOCH 46: loss=1.0969 val_mIoU=36.35 val_OA=75.21 time=12.7s
  [ep 47/100] it 0/33 loss 0.8248 (0.76s/it)
  [ep 47/100] it 20/33 loss 0.8099 (0.33s/it)
EPOCH 47: loss=1.1386 val_mIoU=33.90 val_OA=71.92 time=11.9s
  [ep 48/100] it 0/33 loss 1.0689 (0.78s/it)
  [ep 48/100] it 20/33 loss 0.9545 (0.31s/it)
EPOCH 48: loss=1.0804 val_mIoU=35.54 val_OA=74.08 time=11.6s
  [ep 49/100] it 0/33 loss 0.8763 (0.78s/it)
  [ep 49/100] it 20/33 loss 1.0294 (0.38s/it)
EPOCH 49: loss=1.0952 val_mIoU=35.45 val_OA=73.16 time=13.0s
  [ep 50/100] it 0/33 loss 1.2738 (0.77s/it)
  [ep 50/100] it 20/33 loss 1.1906 (0.32s/it)
EPOCH 50: loss=1.0946 val_mIoU=36.54 val_OA=73.65 time=11.8s
  [ep 51/100] it 0/33 loss 1.0982 (0.74s/it)
  [ep 51/100] it 20/33 loss 0.8622 (0.31s/it)
EPOCH 51: loss=1.1037 val_mIoU=38.20 val_OA=76.05 time=11.4s
  ** saved best val mIoU 38.20
  [ep 52/100] it 0/33 loss 1.0026 (0.79s/it)
  [ep 52/100] it 20/33 loss 1.3509 (0.39s/it)
EPOCH 52: loss=1.0613 val_mIoU=36.37 val_OA=74.72 time=13.2s
  [ep 53/100] it 0/33 loss 1.2293 (0.75s/it)
  [ep 53/100] it 20/33 loss 0.7926 (0.31s/it)
EPOCH 53: loss=1.0596 val_mIoU=37.08 val_OA=75.58 time=11.6s
  [ep 54/100] it 0/33 loss 1.2300 (0.78s/it)
  [ep 54/100] it 20/33 loss 1.2617 (0.32s/it)
EPOCH 54: loss=1.1484 val_mIoU=34.57 val_OA=72.58 time=12.9s
  [ep 55/100] it 0/33 loss 1.4929 (0.75s/it)
  [ep 55/100] it 20/33 loss 0.9204 (0.32s/it)
EPOCH 55: loss=1.0607 val_mIoU=35.20 val_OA=74.09 time=11.8s
  [ep 56/100] it 0/33 loss 1.0759 (0.73s/it)
  [ep 56/100] it 20/33 loss 0.8347 (0.31s/it)
EPOCH 56: loss=1.0168 val_mIoU=37.62 val_OA=73.93 time=11.4s
  [ep 57/100] it 0/33 loss 0.7885 (0.76s/it)
  [ep 57/100] it 20/33 loss 0.6733 (0.33s/it)
EPOCH 57: loss=1.0031 val_mIoU=37.72 val_OA=75.82 time=13.2s
  [ep 58/100] it 0/33 loss 1.1811 (0.76s/it)
  [ep 58/100] it 20/33 loss 0.8383 (0.31s/it)
EPOCH 58: loss=1.0116 val_mIoU=39.10 val_OA=77.35 time=11.6s
  ** saved best val mIoU 39.10
  [ep 59/100] it 0/33 loss 1.1033 (0.77s/it)
  [ep 59/100] it 20/33 loss 1.2059 (0.31s/it)
EPOCH 59: loss=1.0170 val_mIoU=39.30 val_OA=77.14 time=11.5s
  ** saved best val mIoU 39.30
  [ep 60/100] it 0/33 loss 1.1229 (0.84s/it)
  [ep 60/100] it 20/33 loss 1.0914 (0.39s/it)
EPOCH 60: loss=1.0457 val_mIoU=34.57 val_OA=71.46 time=13.6s
  [ep 61/100] it 0/33 loss 0.9880 (0.86s/it)
  [ep 61/100] it 20/33 loss 1.0512 (0.31s/it)
EPOCH 61: loss=0.9788 val_mIoU=35.45 val_OA=73.09 time=11.9s
  [ep 62/100] it 0/33 loss 0.8468 (1.03s/it)
  [ep 62/100] it 20/33 loss 0.9507 (0.34s/it)
EPOCH 62: loss=0.9769 val_mIoU=36.92 val_OA=73.59 time=12.3s
  [ep 63/100] it 0/33 loss 1.2649 (2.16s/it)
  [ep 63/100] it 20/33 loss 1.0496 (0.38s/it)
EPOCH 63: loss=1.0098 val_mIoU=39.72 val_OA=76.62 time=13.3s
  ** saved best val mIoU 39.72
  [ep 64/100] it 0/33 loss 0.7746 (0.86s/it)
  [ep 64/100] it 20/33 loss 0.8123 (0.31s/it)
EPOCH 64: loss=1.0492 val_mIoU=37.07 val_OA=74.86 time=11.6s
  [ep 65/100] it 0/33 loss 1.2530 (0.88s/it)
  [ep 65/100] it 20/33 loss 1.2903 (0.33s/it)
EPOCH 65: loss=1.0188 val_mIoU=37.93 val_OA=76.34 time=13.4s
  [ep 66/100] it 0/33 loss 1.0147 (0.87s/it)
  [ep 66/100] it 20/33 loss 1.1000 (0.31s/it)
EPOCH 66: loss=0.9587 val_mIoU=35.86 val_OA=72.06 time=11.7s
  [ep 67/100] it 0/33 loss 0.9067 (0.85s/it)
  [ep 67/100] it 20/33 loss 1.1130 (0.32s/it)
EPOCH 67: loss=0.9977 val_mIoU=35.43 val_OA=74.62 time=11.8s
  [ep 68/100] it 0/33 loss 1.1621 (0.81s/it)
  [ep 68/100] it 20/33 loss 0.8221 (0.38s/it)
EPOCH 68: loss=0.9725 val_mIoU=34.92 val_OA=73.20 time=13.3s
  [ep 69/100] it 0/33 loss 0.6524 (0.85s/it)
  [ep 69/100] it 20/33 loss 1.0048 (0.31s/it)
EPOCH 69: loss=0.9892 val_mIoU=35.66 val_OA=75.24 time=11.6s
  [ep 70/100] it 0/33 loss 0.6759 (0.89s/it)
  [ep 70/100] it 20/33 loss 0.8887 (0.33s/it)
EPOCH 70: loss=0.9502 val_mIoU=37.56 val_OA=76.42 time=12.1s
  [ep 71/100] it 0/33 loss 1.0159 (0.85s/it)
  [ep 71/100] it 20/33 loss 1.1485 (0.37s/it)
EPOCH 71: loss=0.9240 val_mIoU=36.08 val_OA=75.49 time=12.9s
  [ep 72/100] it 0/33 loss 0.7360 (0.76s/it)
  [ep 72/100] it 20/33 loss 0.8934 (0.32s/it)
EPOCH 72: loss=0.9591 val_mIoU=38.73 val_OA=76.12 time=11.6s
  [ep 73/100] it 0/33 loss 0.7951 (0.92s/it)
  [ep 73/100] it 20/33 loss 1.0596 (0.32s/it)
EPOCH 73: loss=0.9368 val_mIoU=37.37 val_OA=74.77 time=13.6s
  [ep 74/100] it 0/33 loss 1.3321 (0.84s/it)
  [ep 74/100] it 20/33 loss 0.8211 (0.30s/it)
EPOCH 74: loss=0.9421 val_mIoU=36.11 val_OA=72.42 time=11.5s
  [ep 75/100] it 0/33 loss 0.9220 (0.79s/it)
  [ep 75/100] it 20/33 loss 1.0847 (0.33s/it)
EPOCH 75: loss=0.9134 val_mIoU=35.38 val_OA=73.84 time=12.2s
  [ep 76/100] it 0/33 loss 0.9838 (0.73s/it)
  [ep 76/100] it 20/33 loss 0.5850 (0.31s/it)
EPOCH 76: loss=0.9440 val_mIoU=36.57 val_OA=73.10 time=12.8s
  [ep 77/100] it 0/33 loss 0.8137 (0.97s/it)
  [ep 77/100] it 20/33 loss 0.7989 (0.32s/it)
EPOCH 77: loss=0.9119 val_mIoU=36.13 val_OA=74.48 time=11.7s
  [ep 78/100] it 0/33 loss 0.8676 (0.85s/it)
  [ep 78/100] it 20/33 loss 1.0057 (0.31s/it)
EPOCH 78: loss=0.9276 val_mIoU=35.38 val_OA=71.61 time=11.9s
  [ep 79/100] it 0/33 loss 0.7124 (0.92s/it)
  [ep 79/100] it 20/33 loss 0.9071 (0.38s/it)
EPOCH 79: loss=0.9032 val_mIoU=34.85 val_OA=74.44 time=13.1s
  [ep 80/100] it 0/33 loss 0.7867 (0.77s/it)
  [ep 80/100] it 20/33 loss 0.7896 (0.33s/it)
EPOCH 80: loss=0.8673 val_mIoU=34.04 val_OA=70.11 time=12.0s
  [ep 81/100] it 0/33 loss 0.8124 (0.79s/it)
  [ep 81/100] it 20/33 loss 0.6577 (0.31s/it)
EPOCH 81: loss=0.8861 val_mIoU=35.26 val_OA=73.11 time=11.5s
  [ep 82/100] it 0/33 loss 0.8781 (0.85s/it)
  [ep 82/100] it 20/33 loss 0.8415 (0.40s/it)
EPOCH 82: loss=0.8801 val_mIoU=36.17 val_OA=72.56 time=13.3s
  [ep 83/100] it 0/33 loss 0.7576 (0.82s/it)
  [ep 83/100] it 20/33 loss 0.9672 (0.30s/it)
EPOCH 83: loss=0.8979 val_mIoU=36.22 val_OA=74.26 time=11.7s
  [ep 84/100] it 0/33 loss 1.0194 (0.84s/it)
  [ep 84/100] it 20/33 loss 0.8663 (0.31s/it)
EPOCH 84: loss=0.8328 val_mIoU=36.72 val_OA=73.24 time=11.7s
  [ep 85/100] it 0/33 loss 0.7115 (2.77s/it)
  [ep 85/100] it 20/33 loss 0.8735 (0.43s/it)
EPOCH 85: loss=0.9154 val_mIoU=36.56 val_OA=73.10 time=14.3s
  [ep 86/100] it 0/33 loss 0.8201 (0.83s/it)
  [ep 86/100] it 20/33 loss 0.9497 (0.30s/it)
EPOCH 86: loss=0.8324 val_mIoU=38.23 val_OA=76.09 time=11.4s
  [ep 87/100] it 0/33 loss 0.6483 (0.95s/it)
  [ep 87/100] it 20/33 loss 0.7887 (0.32s/it)
EPOCH 87: loss=0.8866 val_mIoU=35.69 val_OA=72.45 time=13.4s
  [ep 88/100] it 0/33 loss 0.8500 (0.76s/it)
  [ep 88/100] it 20/33 loss 0.8174 (0.31s/it)
EPOCH 88: loss=0.8859 val_mIoU=36.50 val_OA=75.04 time=11.7s
  [ep 89/100] it 0/33 loss 0.6929 (0.71s/it)
  [ep 89/100] it 20/33 loss 0.9751 (0.30s/it)
EPOCH 89: loss=0.8859 val_mIoU=35.21 val_OA=72.31 time=11.3s
  [ep 90/100] it 0/33 loss 0.5999 (0.73s/it)
  [ep 90/100] it 20/33 loss 0.9024 (0.32s/it)
EPOCH 90: loss=0.8607 val_mIoU=36.74 val_OA=76.15 time=13.1s
  [ep 91/100] it 0/33 loss 0.8879 (0.72s/it)
  [ep 91/100] it 20/33 loss 0.6234 (0.31s/it)
EPOCH 91: loss=0.8616 val_mIoU=37.54 val_OA=75.91 time=11.3s
  [ep 92/100] it 0/33 loss 1.0842 (0.75s/it)
  [ep 92/100] it 20/33 loss 1.3150 (0.32s/it)
EPOCH 92: loss=0.9498 val_mIoU=32.51 val_OA=67.43 time=11.6s
  [ep 93/100] it 0/33 loss 0.9236 (0.75s/it)
  [ep 93/100] it 20/33 loss 0.8454 (0.38s/it)
EPOCH 93: loss=0.8876 val_mIoU=36.46 val_OA=73.76 time=13.1s
  [ep 94/100] it 0/33 loss 0.8860 (0.74s/it)
  [ep 94/100] it 20/33 loss 0.6931 (0.31s/it)
EPOCH 94: loss=0.8167 val_mIoU=36.64 val_OA=75.52 time=11.3s
  [ep 95/100] it 0/33 loss 0.6909 (0.74s/it)
  [ep 95/100] it 20/33 loss 0.8997 (0.32s/it)
EPOCH 95: loss=0.8303 val_mIoU=34.11 val_OA=72.50 time=11.8s
  [ep 96/100] it 0/33 loss 1.1181 (0.77s/it)
  [ep 96/100] it 20/33 loss 0.8134 (0.38s/it)
EPOCH 96: loss=0.8488 val_mIoU=34.29 val_OA=72.41 time=12.9s
  [ep 97/100] it 0/33 loss 0.5826 (0.75s/it)
  [ep 97/100] it 20/33 loss 0.7984 (0.32s/it)
EPOCH 97: loss=0.8218 val_mIoU=36.98 val_OA=74.58 time=11.9s
  [ep 98/100] it 0/33 loss 0.7723 (0.89s/it)
  [ep 98/100] it 20/33 loss 0.9546 (0.32s/it)
EPOCH 98: loss=0.8482 val_mIoU=36.49 val_OA=75.22 time=13.6s
  [ep 99/100] it 0/33 loss 0.5353 (0.74s/it)
  [ep 99/100] it 20/33 loss 0.6224 (0.31s/it)
EPOCH 99: loss=0.8525 val_mIoU=35.78 val_OA=73.64 time=11.6s
  [ep 100/100] it 0/33 loss 1.0157 (0.89s/it)
  [ep 100/100] it 20/33 loss 0.6830 (0.33s/it)
EPOCH 100: loss=0.8463 val_mIoU=36.82 val_OA=74.19 time=12.3s
DONE. best val mIoU 39.72
