GPU available, ~16.0 GiB free, using cuda
device: cuda
normalization computed from TRAIN: {'bands': [3, 0, 1], 'stat_split': 'train', 'mean': [104.34519423484804, 124.22147617340086, 129.00288824081423], 'std': [47.66659503155293, 68.03518355478649, 61.86486282794694]}
model params: 14.39M
class weights (train-only): {'building': np.float64(1.208), 'greenhouse': np.float64(1.208), 'swimming_pool': np.float64(1.208), 'impervious': np.float64(0.854), 'pervious': np.float64(0.885), 'bare_soil': np.float64(0.456), 'water': np.float64(1.208), 'snow': np.float64(0.614), 'herbaceous': np.float64(0.757), 'agricultural': np.float64(1.124), 'plowed': np.float64(1.208), 'vineyard': np.float64(1.208), 'deciduous': np.float64(0.648), 'coniferous': np.float64(1.208), 'brushwood': np.float64(1.208)}
  [ep 1/150] it 0/33 loss 2.7513 (3.43s/it)
  [ep 1/150] it 20/33 loss 2.6030 (0.46s/it)
EPOCH 1: loss=2.6011 val_mIoU=17.16 val_OA=41.72 time=15.8s
  ** saved best val mIoU 17.16
  [ep 2/150] it 0/33 loss 2.4413 (1.37s/it)
  [ep 2/150] it 20/33 loss 2.2321 (0.33s/it)
EPOCH 2: loss=2.3067 val_mIoU=24.88 val_OA=62.59 time=12.5s
  ** saved best val mIoU 24.88
  [ep 3/150] it 0/33 loss 2.2035 (1.41s/it)
  [ep 3/150] it 20/33 loss 2.0364 (0.35s/it)
EPOCH 3: loss=2.1303 val_mIoU=28.84 val_OA=68.89 time=15.4s
  ** saved best val mIoU 28.84
  [ep 4/150] it 0/33 loss 2.0409 (1.51s/it)
  [ep 4/150] it 20/33 loss 2.0171 (0.34s/it)
EPOCH 4: loss=2.0233 val_mIoU=29.51 val_OA=68.71 time=13.0s
  ** saved best val mIoU 29.51
  [ep 5/150] it 0/33 loss 1.8631 (1.51s/it)
  [ep 5/150] it 20/33 loss 1.8724 (0.35s/it)
EPOCH 5: loss=1.9553 val_mIoU=31.21 val_OA=69.18 time=13.6s
  ** saved best val mIoU 31.21
  [ep 6/150] it 0/33 loss 1.9853 (3.54s/it)
  [ep 6/150] it 20/33 loss 1.7878 (0.44s/it)
EPOCH 6: loss=1.8951 val_mIoU=31.80 val_OA=70.33 time=15.2s
  ** saved best val mIoU 31.80
  [ep 7/150] it 0/33 loss 1.8616 (1.37s/it)
  [ep 7/150] it 20/33 loss 1.6950 (0.34s/it)
EPOCH 7: loss=1.8658 val_mIoU=32.61 val_OA=70.91 time=13.2s
  ** saved best val mIoU 32.61
  [ep 8/150] it 0/33 loss 1.9538 (1.69s/it)
  [ep 8/150] it 20/33 loss 1.8955 (0.46s/it)
EPOCH 8: loss=1.8363 val_mIoU=31.05 val_OA=68.71 time=15.9s
  [ep 9/150] it 0/33 loss 1.9514 (1.52s/it)
  [ep 9/150] it 20/33 loss 1.7017 (0.32s/it)
EPOCH 9: loss=1.8325 val_mIoU=34.15 val_OA=73.68 time=12.3s
  ** saved best val mIoU 34.15
  [ep 10/150] it 0/33 loss 1.7619 (1.17s/it)
  [ep 10/150] it 20/33 loss 1.6310 (0.28s/it)
EPOCH 10: loss=1.7697 val_mIoU=34.95 val_OA=73.92 time=10.9s
  ** saved best val mIoU 34.95
  [ep 11/150] it 0/33 loss 1.7705 (3.06s/it)
  [ep 11/150] it 20/33 loss 2.0764 (0.36s/it)
EPOCH 11: loss=1.7400 val_mIoU=35.79 val_OA=74.37 time=11.6s
  ** saved best val mIoU 35.79
  [ep 12/150] it 0/33 loss 1.4443 (0.94s/it)
  [ep 12/150] it 20/33 loss 1.7318 (0.22s/it)
EPOCH 12: loss=1.7110 val_mIoU=36.99 val_OA=75.07 time=8.2s
  ** saved best val mIoU 36.99
  [ep 13/150] it 0/33 loss 1.6398 (0.73s/it)
  [ep 13/150] it 20/33 loss 1.7370 (0.18s/it)
EPOCH 13: loss=1.7487 val_mIoU=35.92 val_OA=71.47 time=6.7s
  [ep 14/150] it 0/33 loss 1.5164 (0.61s/it)
  [ep 14/150] it 20/33 loss 1.6027 (0.17s/it)
EPOCH 14: loss=1.6895 val_mIoU=38.37 val_OA=76.42 time=6.4s
  ** saved best val mIoU 38.37
  [ep 15/150] it 0/33 loss 1.5906 (0.72s/it)
  [ep 15/150] it 20/33 loss 1.5575 (0.26s/it)
EPOCH 15: loss=1.6272 val_mIoU=38.35 val_OA=76.46 time=8.5s
  [ep 16/150] it 0/33 loss 1.5588 (0.70s/it)
  [ep 16/150] it 20/33 loss 1.7990 (0.17s/it)
EPOCH 16: loss=1.5934 val_mIoU=36.99 val_OA=73.06 time=6.6s
  [ep 17/150] it 0/33 loss 1.4391 (0.71s/it)
  [ep 17/150] it 20/33 loss 1.4212 (0.18s/it)
EPOCH 17: loss=1.5635 val_mIoU=35.54 val_OA=72.62 time=6.9s
  [ep 18/150] it 0/33 loss 1.5510 (0.87s/it)
  [ep 18/150] it 20/33 loss 1.7072 (0.23s/it)
EPOCH 18: loss=1.5857 val_mIoU=37.25 val_OA=74.43 time=8.1s
  [ep 19/150] it 0/33 loss 1.6961 (0.71s/it)
  [ep 19/150] it 20/33 loss 1.5470 (0.16s/it)
EPOCH 19: loss=1.5637 val_mIoU=38.20 val_OA=75.92 time=8.5s
  [ep 20/150] it 0/33 loss 1.3840 (0.74s/it)
  [ep 20/150] it 20/33 loss 1.6182 (0.20s/it)
EPOCH 20: loss=1.5584 val_mIoU=38.04 val_OA=75.72 time=7.3s
  [ep 21/150] it 0/33 loss 1.5606 (0.73s/it)
  [ep 21/150] it 20/33 loss 1.4837 (0.18s/it)
EPOCH 21: loss=1.5423 val_mIoU=36.70 val_OA=73.34 time=6.6s
  [ep 22/150] it 0/33 loss 1.2891 (0.72s/it)
  [ep 22/150] it 20/33 loss 1.3644 (0.19s/it)
EPOCH 22: loss=1.4924 val_mIoU=38.02 val_OA=74.79 time=7.0s
  [ep 23/150] it 0/33 loss 1.5055 (0.68s/it)
  [ep 23/150] it 20/33 loss 1.7280 (0.17s/it)
EPOCH 23: loss=1.4446 val_mIoU=38.93 val_OA=76.51 time=6.5s
  ** saved best val mIoU 38.93
  [ep 24/150] it 0/33 loss 1.4314 (0.74s/it)
  [ep 24/150] it 20/33 loss 1.5162 (0.27s/it)
EPOCH 24: loss=1.4655 val_mIoU=38.90 val_OA=75.77 time=8.9s
  [ep 25/150] it 0/33 loss 1.5867 (0.85s/it)
  [ep 25/150] it 20/33 loss 1.8790 (0.18s/it)
EPOCH 25: loss=1.4851 val_mIoU=39.20 val_OA=77.51 time=6.9s
  ** saved best val mIoU 39.20
  [ep 26/150] it 0/33 loss 1.4314 (0.71s/it)
  [ep 26/150] it 20/33 loss 1.4209 (0.16s/it)
EPOCH 26: loss=1.4065 val_mIoU=40.09 val_OA=77.33 time=6.1s
  ** saved best val mIoU 40.09
  [ep 27/150] it 0/33 loss 1.3147 (0.76s/it)
  [ep 27/150] it 20/33 loss 1.5797 (0.15s/it)
EPOCH 27: loss=1.4216 val_mIoU=38.73 val_OA=76.40 time=6.2s
  [ep 28/150] it 0/33 loss 1.5167 (0.77s/it)
  [ep 28/150] it 20/33 loss 1.3644 (0.18s/it)
EPOCH 28: loss=1.4244 val_mIoU=37.82 val_OA=74.60 time=6.9s
  [ep 29/150] it 0/33 loss 1.2162 (0.87s/it)
  [ep 29/150] it 20/33 loss 1.3179 (0.29s/it)
EPOCH 29: loss=1.3925 val_mIoU=38.51 val_OA=75.36 time=9.2s
  [ep 30/150] it 0/33 loss 1.4363 (0.80s/it)
  [ep 30/150] it 20/33 loss 1.3781 (0.15s/it)
EPOCH 30: loss=1.3855 val_mIoU=39.70 val_OA=76.02 time=5.3s
  [ep 31/150] it 0/33 loss 1.5162 (0.50s/it)
  [ep 31/150] it 20/33 loss 1.5189 (0.12s/it)
EPOCH 31: loss=1.3968 val_mIoU=38.14 val_OA=75.48 time=4.7s
  [ep 32/150] it 0/33 loss 1.3566 (0.48s/it)
  [ep 32/150] it 20/33 loss 1.4807 (0.12s/it)
EPOCH 32: loss=1.4125 val_mIoU=39.77 val_OA=77.40 time=4.7s
  [ep 33/150] it 0/33 loss 1.3047 (0.48s/it)
  [ep 33/150] it 20/33 loss 1.4481 (0.12s/it)
EPOCH 33: loss=1.3800 val_mIoU=38.83 val_OA=73.84 time=4.8s
  [ep 34/150] it 0/33 loss 1.5560 (0.49s/it)
  [ep 34/150] it 20/33 loss 1.1213 (0.12s/it)
EPOCH 34: loss=1.3604 val_mIoU=40.82 val_OA=77.24 time=4.8s
  ** saved best val mIoU 40.82
  [ep 35/150] it 0/33 loss 1.6942 (0.52s/it)
  [ep 35/150] it 20/33 loss 1.1743 (0.13s/it)
EPOCH 35: loss=1.3535 val_mIoU=39.68 val_OA=77.34 time=7.0s
  [ep 36/150] it 0/33 loss 1.1959 (0.47s/it)
  [ep 36/150] it 20/33 loss 1.1742 (0.12s/it)
EPOCH 36: loss=1.3181 val_mIoU=39.71 val_OA=75.98 time=4.7s
  [ep 37/150] it 0/33 loss 1.1136 (0.47s/it)
  [ep 37/150] it 20/33 loss 1.5952 (0.12s/it)
EPOCH 37: loss=1.3268 val_mIoU=40.19 val_OA=77.43 time=4.6s
  [ep 38/150] it 0/33 loss 1.6830 (0.48s/it)
  [ep 38/150] it 20/33 loss 0.9653 (0.12s/it)
EPOCH 38: loss=1.3131 val_mIoU=39.08 val_OA=75.96 time=4.8s
  [ep 39/150] it 0/33 loss 1.1632 (0.50s/it)
  [ep 39/150] it 20/33 loss 1.3296 (0.13s/it)
EPOCH 39: loss=1.2692 val_mIoU=39.76 val_OA=75.31 time=4.8s
  [ep 40/150] it 0/33 loss 1.5192 (0.48s/it)
  [ep 40/150] it 20/33 loss 1.0347 (0.12s/it)
EPOCH 40: loss=1.3419 val_mIoU=37.68 val_OA=74.36 time=4.7s
  [ep 41/150] it 0/33 loss 1.5918 (0.52s/it)
  [ep 41/150] it 20/33 loss 1.0666 (0.13s/it)
EPOCH 41: loss=1.2645 val_mIoU=39.79 val_OA=77.19 time=4.9s
  [ep 42/150] it 0/33 loss 1.3882 (0.51s/it)
  [ep 42/150] it 20/33 loss 1.1432 (0.22s/it)
EPOCH 42: loss=1.3240 val_mIoU=38.46 val_OA=75.39 time=7.0s
  [ep 43/150] it 0/33 loss 1.5368 (0.50s/it)
  [ep 43/150] it 20/33 loss 1.3654 (0.13s/it)
EPOCH 43: loss=1.2334 val_mIoU=40.10 val_OA=77.06 time=4.8s
  [ep 44/150] it 0/33 loss 1.1965 (0.48s/it)
  [ep 44/150] it 20/33 loss 1.0917 (0.12s/it)
EPOCH 44: loss=1.2462 val_mIoU=38.80 val_OA=75.42 time=4.7s
  [ep 45/150] it 0/33 loss 1.3401 (0.48s/it)
  [ep 45/150] it 20/33 loss 1.3229 (0.12s/it)
EPOCH 45: loss=1.2646 val_mIoU=40.11 val_OA=77.36 time=4.7s
  [ep 46/150] it 0/33 loss 0.9092 (0.45s/it)
  [ep 46/150] it 20/33 loss 1.1018 (0.12s/it)
EPOCH 46: loss=1.2333 val_mIoU=36.74 val_OA=73.76 time=4.6s
  [ep 47/150] it 0/33 loss 1.3194 (0.50s/it)
  [ep 47/150] it 20/33 loss 0.9991 (0.12s/it)
EPOCH 47: loss=1.1868 val_mIoU=38.19 val_OA=76.81 time=4.8s
  [ep 48/150] it 0/33 loss 1.2300 (0.50s/it)
  [ep 48/150] it 20/33 loss 1.3895 (0.12s/it)
EPOCH 48: loss=1.2547 val_mIoU=39.39 val_OA=76.63 time=4.8s
  [ep 49/150] it 0/33 loss 1.2682 (0.50s/it)
  [ep 49/150] it 20/33 loss 1.3000 (0.23s/it)
EPOCH 49: loss=1.1699 val_mIoU=39.50 val_OA=75.92 time=7.1s
  [ep 50/150] it 0/33 loss 1.2566 (0.49s/it)
  [ep 50/150] it 20/33 loss 1.1929 (0.12s/it)
EPOCH 50: loss=1.2143 val_mIoU=37.01 val_OA=74.21 time=4.7s
  [ep 51/150] it 0/33 loss 1.0831 (0.51s/it)
  [ep 51/150] it 20/33 loss 0.9893 (0.13s/it)
EPOCH 51: loss=1.2189 val_mIoU=38.86 val_OA=76.18 time=5.0s
  [ep 52/150] it 0/33 loss 0.9757 (0.47s/it)
  [ep 52/150] it 20/33 loss 1.2579 (0.12s/it)
EPOCH 52: loss=1.1538 val_mIoU=39.14 val_OA=76.09 time=4.8s
  [ep 53/150] it 0/33 loss 1.4295 (0.59s/it)
  [ep 53/150] it 20/33 loss 1.6231 (0.17s/it)
EPOCH 53: loss=1.1866 val_mIoU=38.10 val_OA=75.59 time=6.9s
  [ep 54/150] it 0/33 loss 1.4245 (0.77s/it)
  [ep 54/150] it 20/33 loss 0.8622 (0.18s/it)
EPOCH 54: loss=1.1688 val_mIoU=38.04 val_OA=74.51 time=6.6s
  [ep 55/150] it 0/33 loss 1.5899 (2.36s/it)
  [ep 55/150] it 20/33 loss 1.3831 (0.24s/it)
EPOCH 55: loss=1.1881 val_mIoU=39.20 val_OA=75.86 time=7.9s
  [ep 56/150] it 0/33 loss 1.3766 (0.72s/it)
  [ep 56/150] it 20/33 loss 0.9512 (0.15s/it)
EPOCH 56: loss=1.1530 val_mIoU=39.07 val_OA=76.22 time=5.9s
  [ep 57/150] it 0/33 loss 0.9036 (0.62s/it)
  [ep 57/150] it 20/33 loss 0.9559 (0.15s/it)
EPOCH 57: loss=1.1346 val_mIoU=37.87 val_OA=75.27 time=6.3s
  [ep 58/150] it 0/33 loss 1.0179 (0.67s/it)
  [ep 58/150] it 20/33 loss 1.1479 (0.16s/it)
EPOCH 58: loss=1.1311 val_mIoU=40.24 val_OA=76.12 time=6.3s
  [ep 59/150] it 0/33 loss 1.3243 (0.78s/it)
  [ep 59/150] it 20/33 loss 0.8353 (0.17s/it)
EPOCH 59: loss=1.1394 val_mIoU=40.57 val_OA=78.16 time=6.4s
  [ep 60/150] it 0/33 loss 1.1719 (0.65s/it)
  [ep 60/150] it 20/33 loss 1.2613 (0.25s/it)
EPOCH 60: loss=1.0985 val_mIoU=39.18 val_OA=77.26 time=8.0s
  [ep 61/150] it 0/33 loss 0.9579 (0.67s/it)
  [ep 61/150] it 20/33 loss 1.2103 (0.17s/it)
EPOCH 61: loss=1.0724 val_mIoU=37.76 val_OA=75.08 time=6.5s
  [ep 62/150] it 0/33 loss 1.0338 (0.77s/it)
  [ep 62/150] it 20/33 loss 1.0799 (0.18s/it)
EPOCH 62: loss=1.0699 val_mIoU=39.71 val_OA=76.52 time=6.5s
  [ep 63/150] it 0/33 loss 1.2097 (0.53s/it)
  [ep 63/150] it 20/33 loss 0.8824 (0.15s/it)
EPOCH 63: loss=1.1126 val_mIoU=38.48 val_OA=76.39 time=6.1s
  [ep 64/150] it 0/33 loss 1.3889 (0.73s/it)
  [ep 64/150] it 20/33 loss 1.3785 (0.18s/it)
EPOCH 64: loss=1.1246 val_mIoU=38.03 val_OA=76.45 time=6.2s
  [ep 65/150] it 0/33 loss 1.0587 (0.49s/it)
  [ep 65/150] it 20/33 loss 1.1023 (0.12s/it)
EPOCH 65: loss=1.0649 val_mIoU=38.06 val_OA=76.89 time=6.6s
  [ep 66/150] it 0/33 loss 1.0685 (0.49s/it)
  [ep 66/150] it 20/33 loss 1.0013 (0.12s/it)
EPOCH 66: loss=1.0873 val_mIoU=36.89 val_OA=74.37 time=4.8s
  [ep 67/150] it 0/33 loss 0.6639 (0.48s/it)
  [ep 67/150] it 20/33 loss 0.8535 (0.12s/it)
EPOCH 67: loss=1.0282 val_mIoU=37.25 val_OA=76.34 time=4.7s
  [ep 68/150] it 0/33 loss 0.9364 (0.47s/it)
  [ep 68/150] it 20/33 loss 0.9671 (0.12s/it)
EPOCH 68: loss=1.0485 val_mIoU=37.81 val_OA=76.09 time=4.8s
  [ep 69/150] it 0/33 loss 0.8280 (0.48s/it)
  [ep 69/150] it 20/33 loss 1.0550 (0.13s/it)
EPOCH 69: loss=1.0195 val_mIoU=34.11 val_OA=75.06 time=4.9s
  [ep 70/150] it 0/33 loss 1.6233 (0.49s/it)
  [ep 70/150] it 20/33 loss 0.9892 (0.12s/it)
EPOCH 70: loss=1.0506 val_mIoU=39.80 val_OA=77.65 time=4.7s
  [ep 71/150] it 0/33 loss 1.4421 (0.51s/it)
  [ep 71/150] it 20/33 loss 1.1132 (0.13s/it)
EPOCH 71: loss=1.0512 val_mIoU=40.84 val_OA=78.52 time=4.9s
  ** saved best val mIoU 40.84
  [ep 72/150] it 0/33 loss 0.9693 (1.21s/it)
  [ep 72/150] it 20/33 loss 0.8129 (0.38s/it)
EPOCH 72: loss=1.0104 val_mIoU=37.62 val_OA=75.90 time=13.1s
  [ep 73/150] it 0/33 loss 0.9582 (1.74s/it)
  [ep 73/150] it 20/33 loss 0.9221 (0.35s/it)
EPOCH 73: loss=1.0653 val_mIoU=37.51 val_OA=75.36 time=12.9s
  [ep 74/150] it 0/33 loss 1.0816 (1.28s/it)
  [ep 74/150] it 20/33 loss 1.1577 (0.32s/it)
EPOCH 74: loss=1.0425 val_mIoU=40.54 val_OA=77.70 time=13.7s
  [ep 75/150] it 0/33 loss 1.2861 (1.39s/it)
  [ep 75/150] it 20/33 loss 0.8906 (0.33s/it)
EPOCH 75: loss=0.9795 val_mIoU=39.06 val_OA=76.86 time=12.5s
  [ep 76/150] it 0/33 loss 1.0339 (1.33s/it)
  [ep 76/150] it 20/33 loss 0.9735 (0.32s/it)
EPOCH 76: loss=1.0185 val_mIoU=37.80 val_OA=74.76 time=12.2s
  [ep 77/150] it 0/33 loss 1.0839 (1.37s/it)
  [ep 77/150] it 20/33 loss 1.1354 (0.40s/it)
EPOCH 77: loss=1.0029 val_mIoU=39.87 val_OA=78.15 time=13.8s
  [ep 78/150] it 0/33 loss 0.9550 (1.32s/it)
  [ep 78/150] it 20/33 loss 0.9645 (0.39s/it)
EPOCH 78: loss=1.0057 val_mIoU=36.79 val_OA=74.13 time=14.3s
  [ep 79/150] it 0/33 loss 1.0505 (1.35s/it)
  [ep 79/150] it 20/33 loss 1.2688 (0.32s/it)
EPOCH 79: loss=0.9373 val_mIoU=38.50 val_OA=76.50 time=11.8s
  [ep 80/150] it 0/33 loss 0.8115 (3.23s/it)
  [ep 80/150] it 20/33 loss 1.0841 (0.40s/it)
EPOCH 80: loss=0.9870 val_mIoU=39.97 val_OA=77.96 time=13.6s
  [ep 81/150] it 0/33 loss 0.9537 (1.21s/it)
  [ep 81/150] it 20/33 loss 0.8475 (0.28s/it)
EPOCH 81: loss=0.9524 val_mIoU=39.04 val_OA=76.95 time=11.6s
  [ep 82/150] it 0/33 loss 0.8890 (1.24s/it)
  [ep 82/150] it 20/33 loss 1.2775 (0.31s/it)
EPOCH 82: loss=0.9633 val_mIoU=39.56 val_OA=76.82 time=14.0s
  [ep 83/150] it 0/33 loss 0.9343 (1.25s/it)
  [ep 83/150] it 20/33 loss 0.9336 (0.28s/it)
EPOCH 83: loss=0.9544 val_mIoU=35.44 val_OA=73.98 time=8.3s
  [ep 84/150] it 0/33 loss 0.6471 (0.52s/it)
  [ep 84/150] it 20/33 loss 1.0127 (0.13s/it)
EPOCH 84: loss=1.0057 val_mIoU=37.70 val_OA=76.49 time=4.8s
  [ep 85/150] it 0/33 loss 0.9184 (0.48s/it)
  [ep 85/150] it 20/33 loss 0.5983 (0.12s/it)
EPOCH 85: loss=0.9413 val_mIoU=36.18 val_OA=75.17 time=4.7s
  [ep 86/150] it 0/33 loss 0.7638 (0.47s/it)
  [ep 86/150] it 20/33 loss 1.0429 (0.12s/it)
EPOCH 86: loss=0.9612 val_mIoU=38.06 val_OA=77.19 time=4.6s
  [ep 87/150] it 0/33 loss 1.0044 (0.48s/it)
  [ep 87/150] it 20/33 loss 1.0330 (0.12s/it)
EPOCH 87: loss=0.9822 val_mIoU=39.15 val_OA=77.83 time=4.7s
  [ep 88/150] it 0/33 loss 0.9978 (0.48s/it)
  [ep 88/150] it 20/33 loss 1.2740 (0.12s/it)
EPOCH 88: loss=0.9607 val_mIoU=37.84 val_OA=76.33 time=6.6s
  [ep 89/150] it 0/33 loss 0.8035 (0.46s/it)
  [ep 89/150] it 20/33 loss 1.0104 (0.12s/it)
EPOCH 89: loss=0.9610 val_mIoU=38.41 val_OA=77.63 time=4.7s
  [ep 90/150] it 0/33 loss 1.1945 (0.48s/it)
  [ep 90/150] it 20/33 loss 1.1236 (0.12s/it)
EPOCH 90: loss=0.9741 val_mIoU=37.80 val_OA=75.67 time=4.7s
  [ep 91/150] it 0/33 loss 0.8842 (0.48s/it)
  [ep 91/150] it 20/33 loss 1.0016 (0.12s/it)
EPOCH 91: loss=0.8834 val_mIoU=37.07 val_OA=74.55 time=4.7s
  [ep 92/150] it 0/33 loss 0.8994 (0.48s/it)
  [ep 92/150] it 20/33 loss 0.7956 (0.12s/it)
EPOCH 92: loss=0.9095 val_mIoU=35.67 val_OA=76.32 time=4.8s
  [ep 93/150] it 0/33 loss 0.6448 (0.47s/it)
  [ep 93/150] it 20/33 loss 0.5364 (0.12s/it)
EPOCH 93: loss=0.8915 val_mIoU=36.84 val_OA=76.10 time=4.7s
  [ep 94/150] it 0/33 loss 1.0197 (0.49s/it)
  [ep 94/150] it 20/33 loss 0.8931 (0.12s/it)
EPOCH 94: loss=0.8985 val_mIoU=38.86 val_OA=77.17 time=4.8s
  [ep 95/150] it 0/33 loss 1.0646 (0.48s/it)
  [ep 95/150] it 20/33 loss 1.1742 (0.21s/it)
EPOCH 95: loss=0.8818 val_mIoU=39.22 val_OA=77.33 time=6.6s
  [ep 96/150] it 0/33 loss 0.7043 (0.46s/it)
  [ep 96/150] it 20/33 loss 1.3721 (0.12s/it)
EPOCH 96: loss=0.9022 val_mIoU=36.32 val_OA=75.42 time=4.8s
  [ep 97/150] it 0/33 loss 0.9106 (0.46s/it)
  [ep 97/150] it 20/33 loss 0.8527 (0.12s/it)
EPOCH 97: loss=0.8677 val_mIoU=37.84 val_OA=76.68 time=4.7s
  [ep 98/150] it 0/33 loss 0.9593 (0.49s/it)
  [ep 98/150] it 20/33 loss 1.2017 (0.12s/it)
EPOCH 98: loss=0.8894 val_mIoU=37.15 val_OA=75.25 time=4.8s
  [ep 99/150] it 0/33 loss 0.9249 (0.48s/it)
  [ep 99/150] it 20/33 loss 0.8385 (0.12s/it)
EPOCH 99: loss=0.9076 val_mIoU=37.48 val_OA=75.69 time=4.7s
  [ep 100/150] it 0/33 loss 0.7573 (0.47s/it)
  [ep 100/150] it 20/33 loss 0.9884 (0.12s/it)
EPOCH 100: loss=0.8355 val_mIoU=35.17 val_OA=73.14 time=4.6s
  [ep 101/150] it 0/33 loss 0.7494 (0.49s/it)
  [ep 101/150] it 20/33 loss 0.8840 (0.12s/it)
EPOCH 101: loss=0.8805 val_mIoU=37.11 val_OA=74.59 time=4.6s
  [ep 102/150] it 0/33 loss 1.0355 (0.49s/it)
  [ep 102/150] it 20/33 loss 1.0048 (0.21s/it)
EPOCH 102: loss=0.8871 val_mIoU=36.61 val_OA=75.75 time=6.6s
  [ep 103/150] it 0/33 loss 0.8436 (0.49s/it)
  [ep 103/150] it 20/33 loss 0.6561 (0.12s/it)
EPOCH 103: loss=0.8784 val_mIoU=37.41 val_OA=75.64 time=4.7s
  [ep 104/150] it 0/33 loss 0.7712 (0.48s/it)
  [ep 104/150] it 20/33 loss 1.0783 (0.12s/it)
EPOCH 104: loss=0.8595 val_mIoU=35.06 val_OA=72.63 time=4.7s
  [ep 105/150] it 0/33 loss 0.8828 (0.48s/it)
  [ep 105/150] it 20/33 loss 1.0606 (0.12s/it)
EPOCH 105: loss=0.8469 val_mIoU=33.21 val_OA=74.02 time=4.7s
  [ep 106/150] it 0/33 loss 0.7751 (0.48s/it)
  [ep 106/150] it 20/33 loss 0.8103 (0.12s/it)
EPOCH 106: loss=0.8108 val_mIoU=38.67 val_OA=77.31 time=4.7s
  [ep 107/150] it 0/33 loss 0.8128 (0.48s/it)
  [ep 107/150] it 20/33 loss 0.8679 (0.12s/it)
EPOCH 107: loss=0.8473 val_mIoU=36.45 val_OA=75.54 time=4.7s
  [ep 108/150] it 0/33 loss 0.7647 (0.49s/it)
  [ep 108/150] it 20/33 loss 1.0388 (0.12s/it)
EPOCH 108: loss=0.8252 val_mIoU=35.73 val_OA=75.44 time=4.7s
  [ep 109/150] it 0/33 loss 0.5403 (0.47s/it)
  [ep 109/150] it 20/33 loss 1.0329 (0.21s/it)
EPOCH 109: loss=0.8536 val_mIoU=35.35 val_OA=74.35 time=6.5s
  [ep 110/150] it 0/33 loss 1.0488 (0.48s/it)
  [ep 110/150] it 20/33 loss 0.6979 (0.12s/it)
EPOCH 110: loss=0.8555 val_mIoU=37.50 val_OA=76.70 time=4.7s
  [ep 111/150] it 0/33 loss 0.9447 (0.47s/it)
  [ep 111/150] it 20/33 loss 1.3256 (0.12s/it)
EPOCH 111: loss=0.8387 val_mIoU=36.62 val_OA=75.87 time=4.6s
  [ep 112/150] it 0/33 loss 0.6252 (0.45s/it)
  [ep 112/150] it 20/33 loss 1.0322 (0.12s/it)
EPOCH 112: loss=0.8273 val_mIoU=37.83 val_OA=76.69 time=4.6s
  [ep 113/150] it 0/33 loss 0.8876 (0.49s/it)
  [ep 113/150] it 20/33 loss 0.8384 (0.12s/it)
EPOCH 113: loss=0.8364 val_mIoU=34.34 val_OA=74.84 time=4.7s
  [ep 114/150] it 0/33 loss 0.8231 (0.48s/it)
  [ep 114/150] it 20/33 loss 0.7442 (0.12s/it)
EPOCH 114: loss=0.8280 val_mIoU=39.10 val_OA=77.22 time=4.6s
  [ep 115/150] it 0/33 loss 0.7685 (0.47s/it)
  [ep 115/150] it 20/33 loss 0.7520 (0.12s/it)
EPOCH 115: loss=0.8088 val_mIoU=34.30 val_OA=73.95 time=4.7s
  [ep 116/150] it 0/33 loss 0.8954 (0.47s/it)
  [ep 116/150] it 20/33 loss 0.7059 (0.21s/it)
EPOCH 116: loss=0.8436 val_mIoU=34.65 val_OA=73.87 time=6.5s
  [ep 117/150] it 0/33 loss 0.8575 (0.49s/it)
  [ep 117/150] it 20/33 loss 0.9136 (0.12s/it)
EPOCH 117: loss=0.7819 val_mIoU=37.30 val_OA=75.54 time=4.7s
  [ep 118/150] it 0/33 loss 0.8211 (0.48s/it)
  [ep 118/150] it 20/33 loss 0.7624 (0.12s/it)
EPOCH 118: loss=0.7882 val_mIoU=36.46 val_OA=74.21 time=4.6s
  [ep 119/150] it 0/33 loss 0.8532 (0.48s/it)
  [ep 119/150] it 20/33 loss 0.5845 (0.12s/it)
EPOCH 119: loss=0.7850 val_mIoU=38.17 val_OA=77.34 time=4.7s
  [ep 120/150] it 0/33 loss 0.4621 (0.46s/it)
  [ep 120/150] it 20/33 loss 0.6945 (0.12s/it)
EPOCH 120: loss=0.7796 val_mIoU=36.58 val_OA=75.47 time=4.6s
  [ep 121/150] it 0/33 loss 0.5292 (0.47s/it)
  [ep 121/150] it 20/33 loss 0.7469 (0.12s/it)
EPOCH 121: loss=0.8066 val_mIoU=34.81 val_OA=74.40 time=4.6s
  [ep 122/150] it 0/33 loss 0.6678 (0.49s/it)
  [ep 122/150] it 20/33 loss 0.8836 (0.12s/it)
EPOCH 122: loss=0.8031 val_mIoU=36.31 val_OA=76.14 time=4.7s
  [ep 123/150] it 0/33 loss 0.5142 (0.50s/it)
  [ep 123/150] it 20/33 loss 0.7197 (0.22s/it)
EPOCH 123: loss=0.7767 val_mIoU=34.77 val_OA=72.98 time=6.9s
  [ep 124/150] it 0/33 loss 0.6013 (0.48s/it)
  [ep 124/150] it 20/33 loss 0.8111 (0.12s/it)
EPOCH 124: loss=0.7926 val_mIoU=37.97 val_OA=76.30 time=4.7s
  [ep 125/150] it 0/33 loss 0.5752 (0.48s/it)
  [ep 125/150] it 20/33 loss 0.8126 (0.12s/it)
EPOCH 125: loss=0.7640 val_mIoU=35.91 val_OA=74.36 time=4.7s
  [ep 126/150] it 0/33 loss 0.5371 (0.47s/it)
  [ep 126/150] it 20/33 loss 0.9927 (0.13s/it)
EPOCH 126: loss=0.7626 val_mIoU=34.99 val_OA=73.46 time=8.4s
  [ep 127/150] it 0/33 loss 0.8418 (1.05s/it)
  [ep 127/150] it 20/33 loss 0.5322 (0.29s/it)
EPOCH 127: loss=0.7478 val_mIoU=37.33 val_OA=76.78 time=13.3s
  [ep 128/150] it 0/33 loss 0.7235 (1.35s/it)
  [ep 128/150] it 20/33 loss 0.5827 (0.31s/it)
EPOCH 128: loss=0.7656 val_mIoU=33.90 val_OA=72.76 time=11.3s
  [ep 129/150] it 0/33 loss 0.6538 (1.18s/it)
  [ep 129/150] it 20/33 loss 0.9128 (0.29s/it)
EPOCH 129: loss=0.7748 val_mIoU=36.44 val_OA=74.10 time=8.5s
  [ep 130/150] it 0/33 loss 1.1184 (0.50s/it)
  [ep 130/150] it 20/33 loss 0.6751 (0.12s/it)
EPOCH 130: loss=0.7656 val_mIoU=34.43 val_OA=73.89 time=4.8s
  [ep 131/150] it 0/33 loss 0.8270 (0.48s/it)
  [ep 131/150] it 20/33 loss 0.7106 (0.12s/it)
EPOCH 131: loss=0.7636 val_mIoU=36.86 val_OA=76.98 time=4.7s
  [ep 132/150] it 0/33 loss 0.7933 (0.49s/it)
  [ep 132/150] it 20/33 loss 0.6783 (0.13s/it)
EPOCH 132: loss=0.7338 val_mIoU=36.60 val_OA=75.92 time=7.1s
  [ep 133/150] it 0/33 loss 0.4836 (0.48s/it)
  [ep 133/150] it 20/33 loss 0.7697 (0.12s/it)
EPOCH 133: loss=0.7306 val_mIoU=35.67 val_OA=75.93 time=4.7s
  [ep 134/150] it 0/33 loss 0.7112 (0.46s/it)
  [ep 134/150] it 20/33 loss 0.8633 (0.12s/it)
EPOCH 134: loss=0.7604 val_mIoU=34.46 val_OA=74.60 time=4.6s
  [ep 135/150] it 0/33 loss 0.6454 (0.44s/it)
  [ep 135/150] it 20/33 loss 0.7515 (0.12s/it)
EPOCH 135: loss=0.7057 val_mIoU=34.56 val_OA=73.73 time=4.6s
  [ep 136/150] it 0/33 loss 0.6024 (0.47s/it)
  [ep 136/150] it 20/33 loss 0.7569 (0.12s/it)
EPOCH 136: loss=0.7259 val_mIoU=36.78 val_OA=73.80 time=4.6s
  [ep 137/150] it 0/33 loss 0.6277 (0.47s/it)
  [ep 137/150] it 20/33 loss 1.1134 (0.12s/it)
EPOCH 137: loss=0.7128 val_mIoU=35.40 val_OA=74.97 time=4.7s
  [ep 138/150] it 0/33 loss 0.6333 (0.49s/it)
  [ep 138/150] it 20/33 loss 0.6862 (0.12s/it)
EPOCH 138: loss=0.7698 val_mIoU=32.89 val_OA=75.18 time=4.8s
  [ep 139/150] it 0/33 loss 0.8521 (0.53s/it)
  [ep 139/150] it 20/33 loss 0.6609 (0.23s/it)
EPOCH 139: loss=0.7219 val_mIoU=32.54 val_OA=72.21 time=7.0s
  [ep 140/150] it 0/33 loss 0.5652 (0.49s/it)
  [ep 140/150] it 20/33 loss 0.5224 (0.12s/it)
EPOCH 140: loss=0.7161 val_mIoU=35.82 val_OA=74.57 time=4.7s
  [ep 141/150] it 0/33 loss 0.6678 (0.47s/it)
  [ep 141/150] it 20/33 loss 0.6876 (0.12s/it)
EPOCH 141: loss=0.7233 val_mIoU=32.17 val_OA=73.92 time=4.6s
  [ep 142/150] it 0/33 loss 0.8744 (0.49s/it)
  [ep 142/150] it 20/33 loss 0.5321 (0.13s/it)
EPOCH 142: loss=0.6826 val_mIoU=35.39 val_OA=75.76 time=4.8s
  [ep 143/150] it 0/33 loss 0.4949 (0.46s/it)
  [ep 143/150] it 20/33 loss 0.9661 (0.12s/it)
EPOCH 143: loss=0.7126 val_mIoU=33.62 val_OA=73.48 time=4.7s
  [ep 144/150] it 0/33 loss 0.7887 (0.50s/it)
  [ep 144/150] it 20/33 loss 0.9099 (0.13s/it)
EPOCH 144: loss=0.7167 val_mIoU=33.97 val_OA=73.10 time=4.9s
  [ep 145/150] it 0/33 loss 0.5152 (0.49s/it)
  [ep 145/150] it 20/33 loss 0.6541 (0.12s/it)
EPOCH 145: loss=0.7149 val_mIoU=33.49 val_OA=73.12 time=5.0s
  [ep 146/150] it 0/33 loss 0.4922 (0.52s/it)
  [ep 146/150] it 20/33 loss 0.5952 (0.22s/it)
EPOCH 146: loss=0.6992 val_mIoU=34.85 val_OA=75.10 time=6.8s
  [ep 147/150] it 0/33 loss 0.7532 (0.50s/it)
  [ep 147/150] it 20/33 loss 0.9623 (0.17s/it)
EPOCH 147: loss=0.7332 val_mIoU=33.09 val_OA=72.07 time=7.2s
  [ep 148/150] it 0/33 loss 0.8076 (0.59s/it)
  [ep 148/150] it 20/33 loss 0.7425 (0.22s/it)
EPOCH 148: loss=0.7064 val_mIoU=34.05 val_OA=74.70 time=8.1s
  [ep 149/150] it 0/33 loss 0.6182 (0.62s/it)
  [ep 149/150] it 20/33 loss 0.6081 (0.22s/it)
EPOCH 149: loss=0.6796 val_mIoU=33.30 val_OA=73.61 time=8.4s
  [ep 150/150] it 0/33 loss 0.8192 (0.60s/it)
  [ep 150/150] it 20/33 loss 0.6659 (0.22s/it)
EPOCH 150: loss=0.7111 val_mIoU=35.29 val_OA=73.99 time=10.4s
DONE. best val mIoU 40.84
