GPU available, ~16.0 GiB free, using cuda
device: cuda
normalization computed from TRAIN: {'bands': [0, 1, 2, 'ndvi'], 'stat_split': 'train', 'mean': [124.22147617340086, 129.00288824081423, 121.40703894615177, 17.986942882537853], 'std': [68.03518355478649, 61.86486282794694, 63.6574967492155, 33.23498425598315]}
model params: 14.39M
class weights (train-only): {'building': np.float64(1.208), 'greenhouse': np.float64(1.208), 'swimming_pool': np.float64(1.208), 'impervious': np.float64(0.854), 'pervious': np.float64(0.885), 'bare_soil': np.float64(0.456), 'water': np.float64(1.208), 'snow': np.float64(0.614), 'herbaceous': np.float64(0.757), 'agricultural': np.float64(1.124), 'plowed': np.float64(1.208), 'vineyard': np.float64(1.208), 'deciduous': np.float64(0.648), 'coniferous': np.float64(1.208), 'brushwood': np.float64(1.208)}
  [ep 1/100] it 0/33 loss 2.8911 (1.41s/it)
  [ep 1/100] it 20/33 loss 2.5551 (0.27s/it)
EPOCH 1: loss=2.5574 val_mIoU=9.35 val_OA=37.87 time=9.6s
  ** saved best val mIoU 9.35
  [ep 2/100] it 0/33 loss 2.1989 (0.65s/it)
  [ep 2/100] it 20/33 loss 2.2479 (0.22s/it)
EPOCH 2: loss=2.3097 val_mIoU=17.25 val_OA=56.13 time=8.2s
  ** saved best val mIoU 17.25
  [ep 3/100] it 0/33 loss 2.1136 (0.64s/it)
  [ep 3/100] it 20/33 loss 1.9585 (0.23s/it)
EPOCH 3: loss=2.1550 val_mIoU=21.40 val_OA=63.31 time=10.3s
  ** saved best val mIoU 21.40
  [ep 4/100] it 0/33 loss 1.9792 (0.65s/it)
  [ep 4/100] it 20/33 loss 2.2066 (0.22s/it)
EPOCH 4: loss=2.0965 val_mIoU=22.86 val_OA=65.46 time=8.3s
  ** saved best val mIoU 22.86
  [ep 5/100] it 0/33 loss 2.0013 (0.64s/it)
  [ep 5/100] it 20/33 loss 1.8457 (0.23s/it)
EPOCH 5: loss=1.9580 val_mIoU=24.09 val_OA=64.00 time=8.7s
  ** saved best val mIoU 24.09
  [ep 6/100] it 0/33 loss 1.9556 (0.66s/it)
  [ep 6/100] it 20/33 loss 1.7685 (0.22s/it)
EPOCH 6: loss=1.9037 val_mIoU=26.21 val_OA=69.29 time=8.3s
  ** saved best val mIoU 26.21
  [ep 7/100] it 0/33 loss 2.0326 (0.62s/it)
  [ep 7/100] it 20/33 loss 1.7864 (0.31s/it)
EPOCH 7: loss=1.8732 val_mIoU=27.23 val_OA=68.54 time=10.3s
  ** saved best val mIoU 27.23
  [ep 8/100] it 0/33 loss 1.5667 (0.63s/it)
  [ep 8/100] it 20/33 loss 1.9701 (0.22s/it)
EPOCH 8: loss=1.8555 val_mIoU=28.46 val_OA=69.01 time=8.3s
  ** saved best val mIoU 28.46
  [ep 9/100] it 0/33 loss 1.9465 (0.66s/it)
  [ep 9/100] it 20/33 loss 1.8209 (0.23s/it)
EPOCH 9: loss=1.8373 val_mIoU=29.51 val_OA=69.61 time=8.7s
  ** saved best val mIoU 29.51
  [ep 10/100] it 0/33 loss 1.8220 (0.64s/it)
  [ep 10/100] it 20/33 loss 1.8528 (0.22s/it)
EPOCH 10: loss=1.7880 val_mIoU=30.24 val_OA=68.55 time=8.3s
  ** saved best val mIoU 30.24
  [ep 11/100] it 0/33 loss 1.6586 (2.30s/it)
  [ep 11/100] it 20/33 loss 1.7020 (0.31s/it)
EPOCH 11: loss=1.7253 val_mIoU=31.17 val_OA=70.75 time=10.3s
  ** saved best val mIoU 31.17
  [ep 12/100] it 0/33 loss 1.9579 (0.65s/it)
  [ep 12/100] it 20/33 loss 1.6928 (0.22s/it)
EPOCH 12: loss=1.7124 val_mIoU=31.28 val_OA=72.15 time=8.3s
  ** saved best val mIoU 31.28
  [ep 13/100] it 0/33 loss 1.4997 (0.64s/it)
  [ep 13/100] it 20/33 loss 1.7471 (0.23s/it)
EPOCH 13: loss=1.6784 val_mIoU=34.98 val_OA=71.86 time=8.6s
  ** saved best val mIoU 34.98
  [ep 14/100] it 0/33 loss 1.3817 (0.65s/it)
  [ep 14/100] it 20/33 loss 1.7077 (0.22s/it)
EPOCH 14: loss=1.6872 val_mIoU=32.90 val_OA=70.35 time=10.0s
  [ep 15/100] it 0/33 loss 1.5243 (0.64s/it)
  [ep 15/100] it 20/33 loss 1.5012 (0.23s/it)
EPOCH 15: loss=1.6718 val_mIoU=36.12 val_OA=73.86 time=8.6s
  ** saved best val mIoU 36.12
  [ep 16/100] it 0/33 loss 1.7775 (0.62s/it)
  [ep 16/100] it 20/33 loss 2.0138 (0.22s/it)
EPOCH 16: loss=1.6335 val_mIoU=36.16 val_OA=74.14 time=8.3s
  ** saved best val mIoU 36.16
  [ep 17/100] it 0/33 loss 1.8303 (0.68s/it)
  [ep 17/100] it 20/33 loss 1.6311 (0.23s/it)
EPOCH 17: loss=1.5876 val_mIoU=35.46 val_OA=72.08 time=8.7s
  [ep 18/100] it 0/33 loss 1.3876 (0.63s/it)
  [ep 18/100] it 20/33 loss 1.5288 (0.22s/it)
EPOCH 18: loss=1.6255 val_mIoU=36.60 val_OA=72.59 time=10.0s
  ** saved best val mIoU 36.60
  [ep 19/100] it 0/33 loss 1.6355 (0.66s/it)
  [ep 19/100] it 20/33 loss 1.3480 (0.23s/it)
EPOCH 19: loss=1.5537 val_mIoU=36.21 val_OA=73.38 time=8.6s
  [ep 20/100] it 0/33 loss 1.7155 (0.65s/it)
  [ep 20/100] it 20/33 loss 1.5277 (0.22s/it)
EPOCH 20: loss=1.5639 val_mIoU=36.20 val_OA=73.54 time=8.3s
  [ep 21/100] it 0/33 loss 1.3284 (0.66s/it)
  [ep 21/100] it 20/33 loss 1.3841 (0.22s/it)
EPOCH 21: loss=1.5175 val_mIoU=35.76 val_OA=72.57 time=8.5s
  [ep 22/100] it 0/33 loss 1.5171 (0.68s/it)
  [ep 22/100] it 20/33 loss 1.2065 (0.31s/it)
EPOCH 22: loss=1.5022 val_mIoU=36.13 val_OA=73.98 time=10.1s
  [ep 23/100] it 0/33 loss 1.7624 (0.64s/it)
  [ep 23/100] it 20/33 loss 1.6806 (0.22s/it)
EPOCH 23: loss=1.5729 val_mIoU=37.06 val_OA=73.33 time=8.5s
  ** saved best val mIoU 37.06
  [ep 24/100] it 0/33 loss 1.5817 (0.70s/it)
  [ep 24/100] it 20/33 loss 1.3094 (0.23s/it)
EPOCH 24: loss=1.4863 val_mIoU=37.50 val_OA=74.39 time=8.4s
  ** saved best val mIoU 37.50
  [ep 25/100] it 0/33 loss 1.2707 (0.68s/it)
  [ep 25/100] it 20/33 loss 1.5856 (0.22s/it)
EPOCH 25: loss=1.4655 val_mIoU=36.74 val_OA=73.71 time=8.5s
  [ep 26/100] it 0/33 loss 1.7006 (0.65s/it)
  [ep 26/100] it 20/33 loss 1.5041 (0.31s/it)
EPOCH 26: loss=1.4520 val_mIoU=35.79 val_OA=70.48 time=10.3s
  [ep 27/100] it 0/33 loss 1.3927 (0.75s/it)
  [ep 27/100] it 20/33 loss 1.2949 (0.32s/it)
EPOCH 27: loss=1.4472 val_mIoU=35.09 val_OA=70.64 time=11.7s
  [ep 28/100] it 0/33 loss 1.5669 (0.77s/it)
  [ep 28/100] it 20/33 loss 1.5063 (0.33s/it)
EPOCH 28: loss=1.4189 val_mIoU=37.75 val_OA=75.10 time=12.2s
  ** saved best val mIoU 37.75
  [ep 29/100] it 0/33 loss 1.6400 (0.79s/it)
  [ep 29/100] it 20/33 loss 1.2407 (0.40s/it)
EPOCH 29: loss=1.4098 val_mIoU=34.76 val_OA=72.38 time=13.5s
  [ep 30/100] it 0/33 loss 1.3309 (0.79s/it)
  [ep 30/100] it 20/33 loss 1.3906 (0.32s/it)
EPOCH 30: loss=1.4434 val_mIoU=35.91 val_OA=72.32 time=11.7s
  [ep 31/100] it 0/33 loss 1.5495 (0.79s/it)
  [ep 31/100] it 20/33 loss 1.0119 (0.33s/it)
EPOCH 31: loss=1.4155 val_mIoU=36.97 val_OA=74.43 time=13.8s
  [ep 32/100] it 0/33 loss 1.4197 (0.71s/it)
  [ep 32/100] it 20/33 loss 1.5021 (0.32s/it)
EPOCH 32: loss=1.3990 val_mIoU=36.57 val_OA=72.86 time=11.7s
  [ep 33/100] it 0/33 loss 1.4613 (0.80s/it)
  [ep 33/100] it 20/33 loss 1.1838 (0.33s/it)
EPOCH 33: loss=1.4025 val_mIoU=37.39 val_OA=75.42 time=11.9s
  [ep 34/100] it 0/33 loss 1.4366 (0.74s/it)
  [ep 34/100] it 20/33 loss 1.4588 (0.33s/it)
EPOCH 34: loss=1.3271 val_mIoU=37.57 val_OA=73.84 time=13.5s
  [ep 35/100] it 0/33 loss 1.1741 (0.76s/it)
  [ep 35/100] it 20/33 loss 1.1780 (0.32s/it)
EPOCH 35: loss=1.3761 val_mIoU=37.15 val_OA=73.20 time=11.6s
  [ep 36/100] it 0/33 loss 1.1911 (0.79s/it)
  [ep 36/100] it 20/33 loss 1.1286 (0.32s/it)
EPOCH 36: loss=1.3361 val_mIoU=37.48 val_OA=73.38 time=11.8s
  [ep 37/100] it 0/33 loss 1.5470 (0.76s/it)
  [ep 37/100] it 20/33 loss 1.4761 (0.40s/it)
EPOCH 37: loss=1.3481 val_mIoU=39.46 val_OA=75.80 time=13.5s
  ** saved best val mIoU 39.46
  [ep 38/100] it 0/33 loss 1.5450 (0.75s/it)
  [ep 38/100] it 20/33 loss 1.1502 (0.31s/it)
EPOCH 38: loss=1.3374 val_mIoU=37.87 val_OA=74.28 time=11.6s
  [ep 39/100] it 0/33 loss 1.2678 (0.78s/it)
  [ep 39/100] it 20/33 loss 1.3125 (0.32s/it)
EPOCH 39: loss=1.3183 val_mIoU=38.51 val_OA=75.82 time=11.8s
  [ep 40/100] it 0/33 loss 1.2540 (0.76s/it)
  [ep 40/100] it 20/33 loss 1.4840 (0.41s/it)
EPOCH 40: loss=1.3248 val_mIoU=37.41 val_OA=75.15 time=13.6s
  [ep 41/100] it 0/33 loss 1.1112 (0.73s/it)
  [ep 41/100] it 20/33 loss 0.9345 (0.32s/it)
EPOCH 41: loss=1.3057 val_mIoU=37.18 val_OA=74.29 time=12.0s
  [ep 42/100] it 0/33 loss 1.3644 (0.77s/it)
  [ep 42/100] it 20/33 loss 1.3584 (0.33s/it)
EPOCH 42: loss=1.3100 val_mIoU=38.83 val_OA=76.06 time=13.8s
  [ep 43/100] it 0/33 loss 1.2938 (0.81s/it)
  [ep 43/100] it 20/33 loss 1.5452 (0.32s/it)
EPOCH 43: loss=1.2615 val_mIoU=38.31 val_OA=75.70 time=11.6s
  [ep 44/100] it 0/33 loss 0.9294 (0.77s/it)
  [ep 44/100] it 20/33 loss 1.0153 (0.33s/it)
EPOCH 44: loss=1.2429 val_mIoU=37.18 val_OA=74.46 time=12.0s
  [ep 45/100] it 0/33 loss 1.5197 (0.78s/it)
  [ep 45/100] it 20/33 loss 1.4858 (0.32s/it)
EPOCH 45: loss=1.2346 val_mIoU=38.09 val_OA=75.09 time=13.6s
  [ep 46/100] it 0/33 loss 1.2015 (0.72s/it)
  [ep 46/100] it 20/33 loss 1.1580 (0.31s/it)
EPOCH 46: loss=1.2386 val_mIoU=38.31 val_OA=74.45 time=11.7s
  [ep 47/100] it 0/33 loss 1.0903 (0.73s/it)
  [ep 47/100] it 20/33 loss 1.0390 (0.31s/it)
EPOCH 47: loss=1.2704 val_mIoU=38.62 val_OA=77.07 time=11.7s
  [ep 48/100] it 0/33 loss 1.0478 (0.79s/it)
  [ep 48/100] it 20/33 loss 1.1527 (0.42s/it)
EPOCH 48: loss=1.2314 val_mIoU=38.35 val_OA=74.46 time=13.9s
  [ep 49/100] it 0/33 loss 1.0117 (0.79s/it)
  [ep 49/100] it 20/33 loss 1.1516 (0.32s/it)
EPOCH 49: loss=1.2028 val_mIoU=39.09 val_OA=76.28 time=11.8s
  [ep 50/100] it 0/33 loss 1.0058 (0.80s/it)
  [ep 50/100] it 20/33 loss 1.0062 (0.32s/it)
EPOCH 50: loss=1.2333 val_mIoU=37.48 val_OA=74.67 time=11.8s
  [ep 51/100] it 0/33 loss 1.2719 (0.83s/it)
  [ep 51/100] it 20/33 loss 1.4768 (0.42s/it)
EPOCH 51: loss=1.2016 val_mIoU=37.70 val_OA=75.71 time=13.7s
  [ep 52/100] it 0/33 loss 1.2649 (0.78s/it)
  [ep 52/100] it 20/33 loss 1.4208 (0.33s/it)
EPOCH 52: loss=1.2248 val_mIoU=36.53 val_OA=74.62 time=12.1s
  [ep 53/100] it 0/33 loss 1.3022 (0.76s/it)
  [ep 53/100] it 20/33 loss 1.3595 (0.32s/it)
EPOCH 53: loss=1.2130 val_mIoU=38.25 val_OA=75.28 time=13.8s
  [ep 54/100] it 0/33 loss 1.3513 (0.81s/it)
  [ep 54/100] it 20/33 loss 1.3178 (0.32s/it)
EPOCH 54: loss=1.1743 val_mIoU=37.81 val_OA=75.28 time=11.7s
  [ep 55/100] it 0/33 loss 1.0509 (0.73s/it)
  [ep 55/100] it 20/33 loss 1.0970 (0.31s/it)
EPOCH 55: loss=1.1554 val_mIoU=37.85 val_OA=73.44 time=11.6s
  [ep 56/100] it 0/33 loss 1.2531 (0.82s/it)
  [ep 56/100] it 20/33 loss 1.0420 (0.33s/it)
EPOCH 56: loss=1.1688 val_mIoU=38.62 val_OA=76.17 time=14.1s
  [ep 57/100] it 0/33 loss 1.0051 (0.76s/it)
  [ep 57/100] it 20/33 loss 1.0768 (0.32s/it)
EPOCH 57: loss=1.1283 val_mIoU=37.82 val_OA=75.27 time=11.7s
  [ep 58/100] it 0/33 loss 1.4127 (0.77s/it)
  [ep 58/100] it 20/33 loss 1.1273 (0.31s/it)
EPOCH 58: loss=1.1269 val_mIoU=39.20 val_OA=76.59 time=11.5s
  [ep 59/100] it 0/33 loss 1.0741 (0.79s/it)
  [ep 59/100] it 20/33 loss 0.9474 (0.43s/it)
EPOCH 59: loss=1.1376 val_mIoU=38.97 val_OA=76.06 time=13.9s
  [ep 60/100] it 0/33 loss 1.2140 (0.73s/it)
  [ep 60/100] it 20/33 loss 1.2084 (0.32s/it)
EPOCH 60: loss=1.1683 val_mIoU=37.60 val_OA=74.73 time=11.5s
  [ep 61/100] it 0/33 loss 0.9616 (0.76s/it)
  [ep 61/100] it 20/33 loss 1.2774 (0.32s/it)
EPOCH 61: loss=1.1274 val_mIoU=36.49 val_OA=72.34 time=11.9s
  [ep 62/100] it 0/33 loss 1.1417 (0.82s/it)
  [ep 62/100] it 20/33 loss 0.8585 (0.43s/it)
EPOCH 62: loss=1.1157 val_mIoU=37.20 val_OA=74.05 time=13.9s
  [ep 63/100] it 0/33 loss 1.3072 (0.72s/it)
  [ep 63/100] it 20/33 loss 1.2777 (0.31s/it)
EPOCH 63: loss=1.1116 val_mIoU=38.68 val_OA=75.88 time=11.5s
  [ep 64/100] it 0/33 loss 0.9687 (0.77s/it)
  [ep 64/100] it 20/33 loss 0.7765 (0.33s/it)
EPOCH 64: loss=1.1223 val_mIoU=40.11 val_OA=77.09 time=14.1s
  ** saved best val mIoU 40.11
  [ep 65/100] it 0/33 loss 1.2630 (0.76s/it)
  [ep 65/100] it 20/33 loss 1.1412 (0.31s/it)
EPOCH 65: loss=1.0796 val_mIoU=38.33 val_OA=73.96 time=11.6s
  [ep 66/100] it 0/33 loss 0.8647 (0.73s/it)
  [ep 66/100] it 20/33 loss 1.0610 (0.32s/it)
EPOCH 66: loss=1.1042 val_mIoU=38.99 val_OA=74.53 time=11.7s
  [ep 67/100] it 0/33 loss 0.8915 (0.79s/it)
  [ep 67/100] it 20/33 loss 0.9188 (0.33s/it)
EPOCH 67: loss=1.0888 val_mIoU=37.95 val_OA=74.81 time=14.2s
  [ep 68/100] it 0/33 loss 1.1937 (0.78s/it)
  [ep 68/100] it 20/33 loss 1.1437 (0.33s/it)
EPOCH 68: loss=1.0809 val_mIoU=38.50 val_OA=75.21 time=11.9s
  [ep 69/100] it 0/33 loss 0.8699 (0.76s/it)
  [ep 69/100] it 20/33 loss 0.9321 (0.32s/it)
EPOCH 69: loss=1.0816 val_mIoU=36.23 val_OA=72.85 time=11.8s
  [ep 70/100] it 0/33 loss 1.1852 (0.76s/it)
  [ep 70/100] it 20/33 loss 0.9078 (0.42s/it)
EPOCH 70: loss=1.0656 val_mIoU=37.88 val_OA=75.38 time=13.9s
  [ep 71/100] it 0/33 loss 1.1619 (0.77s/it)
  [ep 71/100] it 20/33 loss 0.7809 (0.32s/it)
EPOCH 71: loss=1.1040 val_mIoU=35.99 val_OA=72.72 time=11.7s
  [ep 72/100] it 0/33 loss 1.1404 (0.74s/it)
  [ep 72/100] it 20/33 loss 1.1059 (0.32s/it)
EPOCH 72: loss=1.0463 val_mIoU=37.67 val_OA=75.40 time=11.9s
  [ep 73/100] it 0/33 loss 1.1252 (0.75s/it)
  [ep 73/100] it 20/33 loss 0.9590 (0.41s/it)
EPOCH 73: loss=1.0518 val_mIoU=37.29 val_OA=74.06 time=13.8s
  [ep 74/100] it 0/33 loss 1.1348 (0.77s/it)
  [ep 74/100] it 20/33 loss 0.8512 (0.32s/it)
EPOCH 74: loss=1.0488 val_mIoU=36.49 val_OA=74.03 time=11.8s
  [ep 75/100] it 0/33 loss 1.2450 (0.78s/it)
  [ep 75/100] it 20/33 loss 1.0775 (0.32s/it)
EPOCH 75: loss=1.0487 val_mIoU=38.57 val_OA=75.14 time=13.7s
  [ep 76/100] it 0/33 loss 0.7808 (0.79s/it)
  [ep 76/100] it 20/33 loss 1.0863 (0.32s/it)
EPOCH 76: loss=1.0605 val_mIoU=37.53 val_OA=74.71 time=11.8s
  [ep 77/100] it 0/33 loss 0.9946 (0.78s/it)
  [ep 77/100] it 20/33 loss 1.4128 (0.32s/it)
EPOCH 77: loss=1.0200 val_mIoU=37.82 val_OA=75.83 time=11.9s
  [ep 78/100] it 0/33 loss 0.8617 (0.75s/it)
  [ep 78/100] it 20/33 loss 1.0043 (0.41s/it)
EPOCH 78: loss=0.9808 val_mIoU=39.00 val_OA=77.03 time=13.8s
  [ep 79/100] it 0/33 loss 1.3589 (0.78s/it)
  [ep 79/100] it 20/33 loss 0.6968 (0.32s/it)
EPOCH 79: loss=1.0040 val_mIoU=38.40 val_OA=75.00 time=11.7s
  [ep 80/100] it 0/33 loss 0.9813 (0.79s/it)
  [ep 80/100] it 20/33 loss 1.0103 (0.33s/it)
EPOCH 80: loss=1.0327 val_mIoU=37.63 val_OA=74.95 time=12.0s
  [ep 81/100] it 0/33 loss 1.0796 (0.79s/it)
  [ep 81/100] it 20/33 loss 0.9560 (0.41s/it)
EPOCH 81: loss=1.0019 val_mIoU=36.79 val_OA=73.75 time=13.7s
  [ep 82/100] it 0/33 loss 1.3456 (0.77s/it)
  [ep 82/100] it 20/33 loss 0.9135 (0.32s/it)
EPOCH 82: loss=1.0106 val_mIoU=38.44 val_OA=76.26 time=11.9s
  [ep 83/100] it 0/33 loss 1.3273 (0.79s/it)
  [ep 83/100] it 20/33 loss 0.9377 (0.33s/it)
EPOCH 83: loss=1.0072 val_mIoU=36.79 val_OA=74.25 time=12.1s
  [ep 84/100] it 0/33 loss 0.9571 (2.60s/it)
  [ep 84/100] it 20/33 loss 1.2812 (0.41s/it)
EPOCH 84: loss=0.9884 val_mIoU=38.32 val_OA=75.97 time=13.6s
  [ep 85/100] it 0/33 loss 0.7761 (0.77s/it)
  [ep 85/100] it 20/33 loss 0.9188 (0.32s/it)
EPOCH 85: loss=0.9636 val_mIoU=38.10 val_OA=74.39 time=11.9s
  [ep 86/100] it 0/33 loss 0.8118 (0.76s/it)
  [ep 86/100] it 20/33 loss 0.9368 (0.33s/it)
EPOCH 86: loss=0.9565 val_mIoU=36.02 val_OA=74.06 time=13.8s
  [ep 87/100] it 0/33 loss 1.1109 (0.75s/it)
  [ep 87/100] it 20/33 loss 1.1052 (0.32s/it)
EPOCH 87: loss=0.9683 val_mIoU=37.35 val_OA=73.02 time=11.8s
  [ep 88/100] it 0/33 loss 1.2268 (0.77s/it)
  [ep 88/100] it 20/33 loss 0.7353 (0.33s/it)
EPOCH 88: loss=0.9802 val_mIoU=39.05 val_OA=75.55 time=12.0s
  [ep 89/100] it 0/33 loss 0.8580 (0.77s/it)
  [ep 89/100] it 20/33 loss 0.8081 (0.41s/it)
EPOCH 89: loss=0.9729 val_mIoU=38.84 val_OA=75.44 time=13.6s
  [ep 90/100] it 0/33 loss 1.0025 (0.75s/it)
  [ep 90/100] it 20/33 loss 0.8125 (0.32s/it)
EPOCH 90: loss=0.9555 val_mIoU=36.34 val_OA=73.59 time=11.9s
  [ep 91/100] it 0/33 loss 0.8865 (0.79s/it)
  [ep 91/100] it 20/33 loss 1.0310 (0.33s/it)
EPOCH 91: loss=0.9545 val_mIoU=34.57 val_OA=72.68 time=12.0s
  [ep 92/100] it 0/33 loss 0.8158 (0.76s/it)
  [ep 92/100] it 20/33 loss 0.8729 (0.41s/it)
EPOCH 92: loss=0.9080 val_mIoU=35.40 val_OA=74.91 time=13.7s
  [ep 93/100] it 0/33 loss 1.0517 (0.77s/it)
  [ep 93/100] it 20/33 loss 0.5506 (0.32s/it)
EPOCH 93: loss=0.9841 val_mIoU=37.34 val_OA=75.33 time=11.8s
  [ep 94/100] it 0/33 loss 0.9885 (0.77s/it)
  [ep 94/100] it 20/33 loss 0.7992 (0.33s/it)
EPOCH 94: loss=0.9521 val_mIoU=37.88 val_OA=74.07 time=13.8s
  [ep 95/100] it 0/33 loss 0.6359 (0.74s/it)
  [ep 95/100] it 20/33 loss 0.9509 (0.32s/it)
EPOCH 95: loss=0.9022 val_mIoU=36.55 val_OA=74.61 time=11.9s
  [ep 96/100] it 0/33 loss 0.7450 (0.78s/it)
  [ep 96/100] it 20/33 loss 0.9067 (0.32s/it)
EPOCH 96: loss=0.9283 val_mIoU=37.40 val_OA=74.52 time=11.9s
  [ep 97/100] it 0/33 loss 0.9101 (0.75s/it)
  [ep 97/100] it 20/33 loss 1.0108 (0.32s/it)
EPOCH 97: loss=0.9455 val_mIoU=37.88 val_OA=74.49 time=13.6s
  [ep 98/100] it 0/33 loss 1.1421 (0.75s/it)
  [ep 98/100] it 20/33 loss 1.0583 (0.32s/it)
EPOCH 98: loss=0.9585 val_mIoU=38.21 val_OA=75.94 time=11.8s
  [ep 99/100] it 0/33 loss 1.0176 (0.77s/it)
  [ep 99/100] it 20/33 loss 0.8226 (0.33s/it)
EPOCH 99: loss=0.9049 val_mIoU=37.85 val_OA=76.30 time=12.0s
  [ep 100/100] it 0/33 loss 0.7142 (0.76s/it)
  [ep 100/100] it 20/33 loss 0.9661 (0.41s/it)
EPOCH 100: loss=0.8715 val_mIoU=36.90 val_OA=75.62 time=13.7s
DONE. best val mIoU 40.11
