===== Thu Aug 20 02:54:12 CST 2026 save EMP_H3 =====
/home/dministrator/.local/lib/python3.12/site-packages/transformers/tokenization_utils_base.py:1617: FutureWarning: `clean_up_tokenization_spaces` was not set. It will be set to `True` by default. This behavior will be deprecated in transformers v4.45, and will be then set to `False` by default. For more details check this issue: https://github.com/huggingface/transformers/issues/31884
  warnings.warn(
Some weights of BertForSequenceClassification were not initialized from the model checkpoint at zhihan1996/DNABERT-2-117M and are newly initialized: ['bert.pooler.dense.bias', 'bert.pooler.dense.weight', 'classifier.bias', 'classifier.weight']
You should probably TRAIN this model on a down-stream task to be able to use it for predictions and inference.
[EMP_H3] epoch 1: loss=0.4675 val_mcc=0.6681 (184s)
[EMP_H3] epoch 2: loss=0.3141 val_mcc=0.7206 (370s)
[EMP_H3] epoch 3: loss=0.2849 val_mcc=0.7152 (953s)
[EMP_H3] epoch 4: loss=0.2621 val_mcc=0.7330 (1106s)
[EMP_H3] epoch 5: loss=0.2369 val_mcc=0.7374 (1252s)
[EMP_H3] epoch 6: loss=0.2218 val_mcc=0.7160 (1348s)
wrote results/finetune/EMP_H3_saved_metrics.json
wrote checkpoint results/models/EMP_H3/best_lora_state.pt
{
 "dataset": "EMP_H3",
 "test": {
  "acc": 0.8804,
  "f1": 0.8804,
  "mcc": 0.762
 }
}
===== Thu Aug 20 03:17:18 CST 2026 save mouse_0 =====
/home/dministrator/.local/lib/python3.12/site-packages/transformers/tokenization_utils_base.py:1617: FutureWarning: `clean_up_tokenization_spaces` was not set. It will be set to `True` by default. This behavior will be deprecated in transformers v4.45, and will be then set to `False` by default. For more details check this issue: https://github.com/huggingface/transformers/issues/31884
  warnings.warn(
Some weights of BertForSequenceClassification were not initialized from the model checkpoint at zhihan1996/DNABERT-2-117M and are newly initialized: ['bert.pooler.dense.bias', 'bert.pooler.dense.weight', 'classifier.bias', 'classifier.weight']
You should probably TRAIN this model on a down-stream task to be able to use it for predictions and inference.
[mouse_0] epoch 1: loss=0.6792 val_mcc=0.3291 (52s)
[mouse_0] epoch 2: loss=0.6124 val_mcc=0.4231 (98s)
[mouse_0] epoch 3: loss=0.5791 val_mcc=0.4229 (146s)
[mouse_0] epoch 4: loss=0.5454 val_mcc=0.4967 (190s)
[mouse_0] epoch 5: loss=0.5260 val_mcc=0.5224 (231s)
[mouse_0] epoch 6: loss=0.5016 val_mcc=0.5537 (282s)
wrote results/finetune/mouse_0_saved_metrics.json
wrote checkpoint results/models/mouse_0/best_lora_state.pt
{
 "dataset": "mouse_0",
 "test": {
  "acc": 0.7593,
  "f1": 0.7581,
  "mcc": 0.5237
 }
}
===== Thu Aug 20 03:22:27 CST 2026 save prom_core_all =====
/home/dministrator/.local/lib/python3.12/site-packages/transformers/tokenization_utils_base.py:1617: FutureWarning: `clean_up_tokenization_spaces` was not set. It will be set to `True` by default. This behavior will be deprecated in transformers v4.45, and will be then set to `False` by default. For more details check this issue: https://github.com/huggingface/transformers/issues/31884
  warnings.warn(
Some weights of BertForSequenceClassification were not initialized from the model checkpoint at zhihan1996/DNABERT-2-117M and are newly initialized: ['bert.pooler.dense.bias', 'bert.pooler.dense.weight', 'classifier.bias', 'classifier.weight']
You should probably TRAIN this model on a down-stream task to be able to use it for predictions and inference.
[prom_core_all] epoch 1: loss=0.4980 val_f1=0.7983 (959s)
[prom_core_all] epoch 2: loss=0.4284 val_f1=0.8106 (1311s)
[prom_core_all] epoch 3: loss=0.4084 val_f1=0.8145 (1698s)
[prom_core_all] epoch 4: loss=0.3879 val_f1=0.8228 (1998s)
[prom_core_all] epoch 5: loss=0.3709 val_f1=0.8273 (2330s)
[prom_core_all] epoch 6: loss=0.3592 val_f1=0.8288 (2566s)
wrote results/finetune/prom_core_all_saved_metrics.json
wrote checkpoint results/models/prom_core_all/best_lora_state.pt
{
 "dataset": "prom_core_all",
 "test": {
  "acc": 0.8331,
  "f1": 0.8331,
  "mcc": 0.6663
 }
}
ALL SAVED Thu Aug 20 04:05:58 CST 2026
