[dir liver2spleen] 5 models, ft_dice: [0.903, 0.838, 0.883, 0.906, 0.854]
    ccfv: pearson=0.1745 tau=0.2000 top1_hit=0
    logme: pearson=0.5309 tau=0.8000 top1_hit=1
    leep: pearson=0.3835 tau=0.0000 top1_hit=0
    gbc: pearson=-0.8966 tau=-0.6000 top1_hit=0

=== summary ===
{
  "ccfv": {
    "per_direction": {
      "liver2spleen": {
        "pearson": 0.17450132056466913,
        "w_kendall_tau": 0.2,
        "top1_hit": 0
      }
    },
    "mean_pearson": 0.17450132056466913,
    "mean_w_kendall_tau": 0.2,
    "top1_hits": [
      0
    ],
    "all_top1_hit": false,
    "pearson_pooled": 0.17450132056466913,
    "paper_anchor": {
      "pearson": 0.7003,
      "tau": 0.4986,
      "src": "arXiv:2307.11958 Table 1 (5-task mean)"
    }
  },
  "logme": {
    "per_direction": {
      "liver2spleen": {
        "pearson": 0.5308504430733035,
        "w_kendall_tau": 0.8,
        "top1_hit": 1
      }
    },
    "mean_pearson": 0.5308504430733035,
    "mean_w_kendall_tau": 0.8,
    "top1_hits": [
      1
    ],
    "all_top1_hit": true,
    "pearson_pooled": 0.5308504430733035,
    "paper_anchor": {
      "pearson": 0.2082,
      "tau": 0.0218,
      "src": "arXiv:2307.11958 Table 1"
    }
  },
  "leep": {
    "per_direction": {
      "liver2spleen": {
        "pearson": 0.38350050163222893,
        "w_kendall_tau": 0.0,
        "top1_hit": 0
      }
    },
    "mean_pearson": 0.38350050163222893,
    "mean_w_kendall_tau": 0.0,
    "top1_hits": [
      0
    ],
    "all_top1_hit": false,
    "pearson_pooled": 0.38350050163222893,
    "paper_anchor": {}
  },
  "gbc": {
    "per_direction": {
      "liver2spleen": {
        "pearson": -0.8965772286910869,
        "w_kendall_tau": -0.6,
        "top1_hit": 0
      }
    },
    "mean_pearson": -0.8965772286910869,
    "mean_w_kendall_tau": -0.6,
    "top1_hits": [
      0
    ],
    "all_top1_hit": false,
    "pearson_pooled": -0.8965772286910869,
    "paper_anchor": {
      "pearson": 0.3317,
      "tau": 0.4111,
      "src": "arXiv:2307.11958 Table 1"
    }
  }
}
CONCLUSION: contradicted
/home/dministrator/.local/lib/python3.12/site-packages/matplotlib/projections/__init__.py:63: UserWarning: Unable to import Axes3D. This may be due to multiple versions of Matplotlib being installed (e.g. as a system package and as a pip package). As a result, the 3D projection is not available.
  warnings.warn("Unable to import Axes3D. This may be due to multiple versions of "
figures saved to /mnt/d/project/paper-bench/tasks/biomed/2307.11958_transferability_estimation_seg/agent_solution/evidence
